Component: ARM Compiler 5.06 update 7 (build 960) Tool: armlink [4d3601]

==============================================================================

Section Cross References

    main.o(.text) refers to stm32f10x_rcc.o(.text) for RCC_APB2PeriphClockCmd
    main.o(.text) refers to stm32f10x_gpio.o(.text) for GPIO_Init
    main.o(.text) refers to delay.o(.text) for delay_ms
    main.o(.text) refers to lcd1602.o(.text) for LCD_Write_String
    main.o(.text) refers to adc.o(.text) for Get_Adc_Average
    main.o(.text) refers to fflt_clz.o(x$fpl$ffltu) for __aeabi_ui2f
    main.o(.text) refers to f2d.o(x$fpl$f2d) for __aeabi_f2d
    main.o(.text) refers to dmul.o(x$fpl$dmul) for __aeabi_dmul
    main.o(.text) refers to ddiv.o(x$fpl$ddiv) for __aeabi_ddiv
    main.o(.text) refers to d2f.o(x$fpl$d2f) for __aeabi_d2f
    main.o(.text) refers to main.o(.data) for setn
    main.o(.text) refers to daddsub_clz.o(x$fpl$drsb) for __aeabi_drsub
    main.o(.text) refers to fmul.o(x$fpl$fmul) for __aeabi_fmul
    main.o(.text) refers to frleqf.o(x$fpl$frleqf) for __aeabi_cfrcmple
    main.o(.text) refers to sys.o(.text) for NVIC_Configuration
    main.o(.text) refers to timer.o(.text) for TIM3_Int_Init
    main.o(.text) refers to key.o(.text) for fengmingqi_Init
    main.o(.text) refers to motor.o(.text) for MOTOR_GPIO_Init
    main.o(.text) refers to esp8266.o(.text) for ESP8266_Init
    main.o(.text) refers to ds18b20.o(.text) for DS18B20_Init
    main.o(.text) refers to stm32f10x_tim.o(.text) for TIM_Cmd
    main.o(.text) refers to fflt_clz.o(x$fpl$fflt) for __aeabi_i2f
    main.o(.text) refers to daddsub_clz.o(x$fpl$dadd) for __aeabi_dadd
    main.o(.text) refers to dleqf.o(x$fpl$dleqf) for __aeabi_cdcmple
    main.o(.text) refers to daddsub_clz.o(x$fpl$dsub) for __aeabi_dsub
    main.o(.text) refers to fleqf.o(x$fpl$fleqf) for __aeabi_cfcmple
    main.o(.text) refers to ffixu.o(x$fpl$ffixu) for __aeabi_f2uiz
    main.o(.text) refers to ffix.o(x$fpl$ffix) for __aeabi_f2iz
    main.o(.text) refers to timer.o(.data) for fen
    system_stm32f10x.o(.text) refers to system_stm32f10x.o(.data) for SystemCoreClock
    ds18b20.o(.text) refers to delay.o(.text) for delay_us
    ds18b20.o(.text) refers to stm32f10x_rcc.o(.text) for RCC_APB2PeriphClockCmd
    ds18b20.o(.text) refers to stm32f10x_gpio.o(.text) for GPIO_Init
    ds18b20.o(.text) refers to fflt_clz.o(x$fpl$fflt) for __aeabi_i2f
    ds18b20.o(.text) refers to f2d.o(x$fpl$f2d) for __aeabi_f2d
    ds18b20.o(.text) refers to dmul.o(x$fpl$dmul) for __aeabi_dmul
    ds18b20.o(.text) refers to dfix.o(x$fpl$dfix) for __aeabi_d2iz
    key.o(.text) refers to stm32f10x_rcc.o(.text) for RCC_APB2PeriphClockCmd
    key.o(.text) refers to stm32f10x_gpio.o(.text) for GPIO_Init
    lcd1602.o(.text) refers to delay.o(.text) for delay_us
    lcd1602.o(.text) refers to stm32f10x_gpio.o(.text) for GPIO_ReadOutputData
    lcd1602.o(.text) refers to stm32f10x_rcc.o(.text) for RCC_APB2PeriphClockCmd
    adc.o(.text) refers to stm32f10x_rcc.o(.text) for RCC_APB2PeriphClockCmd
    adc.o(.text) refers to stm32f10x_gpio.o(.text) for GPIO_Init
    adc.o(.text) refers to stm32f10x_adc.o(.text) for ADC_DeInit
    adc.o(.text) refers to delay.o(.text) for delay_ms
    timer.o(.text) refers to stm32f10x_rcc.o(.text) for RCC_APB1PeriphClockCmd
    timer.o(.text) refers to stm32f10x_tim.o(.text) for TIM_TimeBaseInit
    timer.o(.text) refers to misc.o(.text) for NVIC_Init
    motor.o(.text) refers to stm32f10x_rcc.o(.text) for RCC_APB2PeriphClockCmd
    motor.o(.text) refers to stm32f10x_gpio.o(.text) for GPIO_Init
    motor.o(.text) refers to delay.o(.text) for delay_ms
    esp8266.o(.text) refers to _printf_percent.o(.ARM.Collect$$_printf_percent$$00000000) for _printf_percent
    esp8266.o(.text) refers to _printf_d.o(.ARM.Collect$$_printf_percent$$00000009) for _printf_d
    esp8266.o(.text) refers to _printf_dec.o(.text) for _printf_int_dec
    esp8266.o(.text) refers to rt_memclr.o(.text) for __aeabi_memclr
    esp8266.o(.text) refers to strlen.o(.text) for strlen
    esp8266.o(.text) refers to usart.o(.text) for uart1_send
    esp8266.o(.text) refers to strstr.o(.text) for strstr
    esp8266.o(.text) refers to delay.o(.text) for delay_ms
    esp8266.o(.text) refers to noretval__2sprintf.o(.text) for __2sprintf
    esp8266.o(.text) refers to strchr.o(.text) for strchr
    esp8266.o(.text) refers to usart.o(.bss) for Usart1RecBuf
    esp8266.o(.text) refers to usart.o(.data) for RxCounter
    esp8266.o(.text) refers to esp8266.o(.data) for esp8266_cntPre
    startup_stm32f10x_hd.o(STACK) refers (Special) to heapauxi.o(.text) for __use_two_region_memory
    startup_stm32f10x_hd.o(HEAP) refers (Special) to heapauxi.o(.text) for __use_two_region_memory
    startup_stm32f10x_hd.o(RESET) refers (Special) to heapauxi.o(.text) for __use_two_region_memory
    startup_stm32f10x_hd.o(RESET) refers to startup_stm32f10x_hd.o(STACK) for __initial_sp
[...]
    ../clib/signal.c                         0x00000000   Number         0  defsig_general.o ABSOLUTE
    ../clib/signal.c                         0x00000000   Number         0  defsig_abrt_inner.o ABSOLUTE
    ../clib/signal.c                         0x00000000   Number         0  defsig_fpe_inner.o ABSOLUTE
    ../clib/signal.c                         0x00000000   Number         0  defsig_rtred_inner.o ABSOLUTE
    ../clib/signal.c                         0x00000000   Number         0  defsig_stak_inner.o ABSOLUTE
    ../clib/signal.c                         0x00000000   Number         0  defsig_pvfn_inner.o ABSOLUTE
    ../clib/signal.c                         0x00000000   Number         0  defsig_cppl_inner.o ABSOLUTE
    ../clib/signal.s                         0x00000000   Number         0  defsig.o ABSOLUTE
    ../clib/stdlib.c                         0x00000000   Number         0  exit.o ABSOLUTE
    ../clib/string.c                         0x00000000   Number         0  strstr.o ABSOLUTE
    ../clib/string.c                         0x00000000   Number         0  strchr.o ABSOLUTE
    ../clib/string.c                         0x00000000   Number         0  strlen.o ABSOLUTE
    ../fplib/d2f.s                           0x00000000   Number         0  d2f.o ABSOLUTE
    ../fplib/daddsub.s                       0x00000000   Number         0  daddsub_clz.o ABSOLUTE
    ../fplib/dcmpi.s                         0x00000000   Number         0  dcmpi.o ABSOLUTE
    ../fplib/ddiv.s                          0x00000000   Number         0  ddiv.o ABSOLUTE
    ../fplib/dfix.s                          0x00000000   Number         0  dfix.o ABSOLUTE
    ../fplib/dleqf.s                         0x00000000   Number         0  dleqf.o ABSOLUTE
    ../fplib/dmul.s                          0x00000000   Number         0  dmul.o ABSOLUTE
    ../fplib/dnaninf.s                       0x00000000   Number         0  dnaninf.o ABSOLUTE
    ../fplib/dretinf.s                       0x00000000   Number         0  dretinf.o ABSOLUTE
    ../fplib/f2d.s                           0x00000000   Number         0  f2d.o ABSOLUTE
    ../fplib/fcmpi.s                         0x00000000   Number         0  fcmpi.o ABSOLUTE
    ../fplib/ffix.s                          0x00000000   Number         0  ffix.o ABSOLUTE
    ../fplib/ffixu.s                         0x00000000   Number         0  ffixu.o ABSOLUTE
    ../fplib/fflt.s                          0x00000000   Number         0  fflt_clz.o ABSOLUTE
    ../fplib/fleqf.s                         0x00000000   Number         0  fleqf.o ABSOLUTE
    ../fplib/fmul.s                          0x00000000   Number         0  fmul.o ABSOLUTE
    ../fplib/fnaninf.s                       0x00000000   Number         0  fnaninf.o ABSOLUTE
    ../fplib/fpinit.s                        0x00000000   Number         0  fpinit.o ABSOLUTE
    ../fplib/fretinf.s                       0x00000000   Number         0  fretinf.o ABSOLUTE
    ../fplib/frleqf.s                        0x00000000   Number         0  frleqf.o ABSOLUTE
    ../fplib/usenofp.s                       0x00000000   Number         0  usenofp.o ABSOLUTE
    ..\CORE\core_cm3.c                       0x00000000   Number         0  core_cm3.o ABSOLUTE
    ..\CORE\startup_stm32f10x_hd.s           0x00000000   Number         0  startup_stm32f10x_hd.o ABSOLUTE
    ..\HARDWARE\ADC\adc.c                    0x00000000   Number         0  adc.o ABSOLUTE
    ..\HARDWARE\DS18B20\ds18b20.c            0x00000000   Number         0  ds18b20.o ABSOLUTE
    ..\HARDWARE\ESP8266\esp8266.c            0x00000000   Number         0  esp8266.o ABSOLUTE
    ..\HARDWARE\KEY\key.c                    0x00000000   Number         0  key.o ABSOLUTE
    ..\HARDWARE\LCD1602\LCD1602.c            0x00000000   Number         0  lcd1602.o ABSOLUTE
    ..\HARDWARE\MOTOR\MOTOR.c                0x00000000   Number         0  motor.o ABSOLUTE
    ..\HARDWARE\TIMER\timer.c                0x00000000   Number         0  timer.o ABSOLUTE
    ..\STM32F10x_FWLib\src\misc.c            0x00000000   Number         0  misc.o ABSOLUTE
    ..\STM32F10x_FWLib\src\stm32f10x_adc.c   0x00000000   Number         0  stm32f10x_adc.o ABSOLUTE
    ..\STM32F10x_FWLib\src\stm32f10x_dac.c   0x00000000   Number         0  stm32f10x_dac.o ABSOLUTE
    ..\STM32F10x_FWLib\src\stm32f10x_dma.c   0x00000000   Number         0  stm32f10x_dma.o ABSOLUTE
    ..\STM32F10x_FWLib\src\stm32f10x_exti.c  0x00000000   Number         0  stm32f10x_exti.o ABSOLUTE
    ..\STM32F10x_FWLib\src\stm32f10x_gpio.c  0x00000000   Number         0  stm32f10x_gpio.o ABSOLUTE
    ..\STM32F10x_FWLib\src\stm32f10x_rcc.c   0x00000000   Number         0  stm32f10x_rcc.o ABSOLUTE
    ..\STM32F10x_FWLib\src\stm32f10x_tim.c   0x00000000   Number         0  stm32f10x_tim.o ABSOLUTE
    ..\STM32F10x_FWLib\src\stm32f10x_usart.c 0x00000000   Number         0  stm32f10x_usart.o ABSOLUTE
    ..\SYSTEM\delay\delay.c                  0x00000000   Number         0  delay.o ABSOLUTE
    ..\SYSTEM\sys\sys.c                      0x00000000   Number         0  sys.o ABSOLUTE
    ..\SYSTEM\usart\usart.c                  0x00000000   Number         0  usart.o ABSOLUTE
    ..\\CORE\\core_cm3.c                     0x00000000   Number         0  core_cm3.o ABSOLUTE
    dc.s                                     0x00000000   Number         0  dc.o ABSOLUTE
    main.c                                   0x00000000   Number         0  main.o ABSOLUTE
    stm32f10x_it.c                           0x00000000   Number         0  stm32f10x_it.o ABSOLUTE
    system_stm32f10x.c                       0x00000000   Number         0  system_stm32f10x.o ABSOLUTE
    RESET                                    0x08000000   Section      304  startup_stm32f10x_hd.o(RESET)
    !!!main                                  0x08000130   Section        8  __main.o(!!!main)
    !!!scatter                               0x08000138   Section       52  __scatter.o(!!!scatter)
    !!handler_copy                           0x0800016c   Section       26  __scatter_copy.o(!!handler_copy)
    !!handler_zi                             0x08000188   Section       28  __scatter_zi.o(!!handler_zi)
    .ARM.Collect$$_printf_percent$$00000000  0x080001a4   Section        0  _printf_percent.o(.ARM.Collect$$_printf_percent$$00000000)
    .ARM.Collect$$_printf_percent$$00000009  0x080001a4   Section        6  _printf_d.o(.ARM.Collect$$_printf_percent$$00000009)
    .ARM.Collect$$_printf_percent$$00000017  0x080001aa   Section        4  _printf_percent_end.o(.ARM.Collect$$_printf_percent$$00000017)
    .ARM.Collect$$libinit$$00000000          0x080001ae   Section        2  libinit.o(.ARM.Collect$$libinit$$00000000)
    .ARM.Collect$$libinit$$00000002          0x080001b0   Section        0  libinit2.o(.ARM.Collect$$libinit$$00000002)
    .ARM.Collect$$libinit$$00000004          0x080001b0   Section        0  libinit2.o(.ARM.Collect$$libinit$$00000004)
    .ARM.Collect$$libinit$$0000000A          0x080001b0   Section        0  libinit2.o(.ARM.Collect$$libinit$$0000000A)
    .ARM.Collect$$libinit$$0000000C          0x080001b0   Section        0  libinit2.o(.ARM.Collect$$libinit$$0000000C)
    .ARM.Collect$$libinit$$0000000E          0x080001b0   Section        0  libinit2.o(.ARM.Collect$$libinit$$0000000E)
    .ARM.Collect$$libinit$$00000011          0x080001b0   Section        0  libinit2.o(.ARM.Collect$$libinit$$00000011)
    .ARM.Collect$$libinit$$00000013          0x080001b0   Section        0  libinit2.o(.ARM.Collect$$libinit$$00000013)
    .ARM.Collect$$libinit$$00000015          0x080001b0   Section        0  libinit2.o(.ARM.Collect$$libinit$$00000015)
    .ARM.Collect$$libinit$$00000017          0x080001b0   Section        0  libinit2.o(.ARM.Collect$$libinit$$00000017)
    .ARM.Collect$$libinit$$00000019          0x080001b0   Section        0  libinit2.o(.ARM.Collect$$libinit$$00000019)
    .ARM.Collect$$libinit$$0000001B          0x080001b0   Section        0  libinit2.o(.ARM.Collect$$libinit$$0000001B)
    .ARM.Collect$$libinit$$0000001D          0x080001b0   Section        0  libinit2.o(.ARM.Collect$$libinit$$0000001D)
    .ARM.Collect$$libinit$$0000001F          0x080001b0   Section        0  libinit2.o(.ARM.Collect$$libinit$$0000001F)
    .ARM.Collect$$libinit$$00000021          0x080001b0   Section        0  libinit2.o(.ARM.Collect$$libinit$$00000021)
    .ARM.Collect$$libinit$$00000023          0x080001b0   Section        0  libinit2.o(.ARM.Collect$$libinit$$00000023)
    .ARM.Collect$$libinit$$00000025          0x080001b0   Section        0  libinit2.o(.ARM.Collect$$libinit$$00000025)
    .ARM.Collect$$libinit$$0000002C          0x080001b0   Section        0  libinit2.o(.ARM.Collect$$libinit$$0000002C)
    .ARM.Collect$$libinit$$0000002E          0x080001b0   Section        0  libinit2.o(.ARM.Collect$$libinit$$0000002E)
    .ARM.Collect$$libinit$$00000030          0x080001b0   Section        0  libinit2.o(.ARM.Collect$$libinit$$00000030)
    .ARM.Collect$$libinit$$00000032          0x080001b0   Section        0  libinit2.o(.ARM.Collect$$libinit$$00000032)
    .ARM.Collect$$libinit$$00000033          0x080001b0   Section        2  libinit2.o(.ARM.Collect$$libinit$$00000033)
    .ARM.Collect$$libshutdown$$00000000      0x080001b2   Section        2  libshutdown.o(.ARM.Collect$$libshutdown$$00000000)
    .ARM.Collect$$libshutdown$$00000002      0x080001b4   Section        0  libshutdown2.o(.ARM.Collect$$libshutdown$$00000002)
    .ARM.Collect$$libshutdown$$00000004      0x080001b4   Section        0  libshutdown2.o(.ARM.Collect$$libshutdown$$00000004)
    .ARM.Collect$$libshutdown$$00000006      0x080001b4   Section        0  libshutdown2.o(.ARM.Collect$$libshutdown$$00000006)
    .ARM.Collect$$libshutdown$$00000009      0x080001b4   Section        0  libshutdown2.o(.ARM.Collect$$libshutdown$$00000009)
    .ARM.Collect$$libshutdown$$0000000C      0x080001b4   Section        0  libshutdown2.o(.ARM.Collect$$libshutdown$$0000000C)
    .ARM.Collect$$libshutdown$$0000000E      0x080001b4   Section        0  libshutdown2.o(.ARM.Collect$$libshutdown$$0000000E)
    .ARM.Collect$$libshutdown$$00000011      0x080001b4   Section        0  libshutdown2.o(.ARM.Collect$$libshutdown$$00000011)
    .ARM.Collect$$libshutdown$$00000012      0x080001b4   Section        2  libshutdown2.o(.ARM.Collect$$libshutdown$$00000012)
    .ARM.Collect$$rtentry$$00000000          0x080001b6   Section        0  __rtentry.o(.ARM.Collect$$rtentry$$00000000)
    .ARM.Collect$$rtentry$$00000002          0x080001b6   Section        0  __rtentry2.o(.ARM.Collect$$rtentry$$00000002)
    .ARM.Collect$$rtentry$$00000004          0x080001b6   Section        6  __rtentry4.o(.ARM.Collect$$rtentry$$00000004)
    .ARM.Collect$$rtentry$$00000009          0x080001bc   Section        0  __rtentry2.o(.ARM.Collect$$rtentry$$00000009)
    .ARM.Collect$$rtentry$$0000000A          0x080001bc   Section        4  __rtentry2.o(.ARM.Collect$$rtentry$$0000000A)
    .ARM.Collect$$rtentry$$0000000C          0x080001c0   Section        0  __rtentry2.o(.ARM.Collect$$rtentry$$0000000C)
    .ARM.Collect$$rtentry$$0000000D          0x080001c0   Section        8  __rtentry2.o(.ARM.Collect$$rtentry$$0000000D)
    .ARM.Collect$$rtexit$$00000000           0x080001c8   Section        2  rtexit.o(.ARM.Collect$$rtexit$$00000000)
    .ARM.Collect$$rtexit$$00000002           0x080001ca   Section        0  rtexit2.o(.ARM.Collect$$rtexit$$00000002)
    .ARM.Collect$$rtexit$$00000003           0x080001ca   Section        4  rtexit2.o(.ARM.Collect$$rtexit$$00000003)
    .ARM.Collect$$rtexit$$00000004           0x080001ce   Section        6  rtexit2.o(.ARM.Collect$$rtexit$$00000004)
    .text                                    0x080001d4   Section        0  main.o(.text)
    .text                                    0x08000bd4   Section        0  stm32f10x_it.o(.text)
    .text                                    0x08000bf0   Section        0  system_stm32f10x.o(.text)
    SetSysClockTo72                          0x08000bf1   Thumb Code   214  system_stm32f10x.o(.text)
    SetSysClock                              0x08000cc7   Thumb Code     8  system_stm32f10x.o(.text)
    .text                                    0x08000dd0   Section        0  ds18b20.o(.text)
    .text                                    0x0800103c   Section        0  key.o(.text)
    .text                                    0x08001128   Section        0  lcd1602.o(.text)
    .text                                    0x08001370   Section        0  adc.o(.text)
    .text                                    0x08001458   Section        0  timer.o(.text)
    .text                                    0x080014cc   Section        0  motor.o(.text)
    .text                                    0x0800162c   Section        0  esp8266.o(.text)
    .text                                    0x08001818   Section       64  startup_stm32f10x_hd.o(.text)
    .text                                    0x08001858   Section        0  misc.o(.text)
    .text                                    0x08001934   Section        0  stm32f10x_adc.o(.text)
    .text                                    0x08001d84   Section        0  stm32f10x_gpio.o(.text)
    .text                                    0x080020e0   Section        0  stm32f10x_tim.o(.text)
    TI4_Config                               0x08002587   Thumb Code   130  stm32f10x_tim.o(.text)
    TI3_Config                               0x0800261b   Thumb Code   122  stm32f10x_tim.o(.text)
    TI2_Config                               0x080026af   Thumb Code   130  stm32f10x_tim.o(.text)
    TI1_Config                               0x08002743   Thumb Code   108  stm32f10x_tim.o(.text)
    .text                                    0x08002efc   Section        0  stm32f10x_usart.o(.text)
    .text                                    0x08003304   Section        0  stm32f10x_rcc.o(.text)
    .text                                    0x080036a8   Section        0  delay.o(.text)
    .text                                    0x0800377c   Section        0  sys.o(.text)
    .text                                    0x08003788   Section        0  usart.o(.text)
    .text                                    0x08003918   Section        2  use_no_semi_2.o(.text)
    .text                                    0x0800391c   Section        0  noretval__2sprintf.o(.text)
    .text                                    0x08003944   Section        0  __printf.o(.text)
    .text                                    0x080039ac   Section        0  _printf_dec.o(.text)
    .text                                    0x08003a24   Section        0  strchr.o(.text)
    .text                                    0x08003a38   Section        0  strstr.o(.text)
    .text                                    0x08003a5c   Section        0  strlen.o(.text)
    .text                                    0x08003a9a   Section       68  rt_memclr.o(.text)
    .text                                    0x08003ade   Section        0  heapauxi.o(.text)
    .text                                    0x08003ae4   Section        2  use_no_semi.o(.text)
    .text                                    0x08003ae6   Section        0  _printf_intcommon.o(.text)
    .text                                    0x08003b98   Section        0  _printf_char_common.o(.text)
    _printf_input_char                       0x08003b99   Thumb Code    10  _printf_char_common.o(.text)
    .text                                    0x08003bc8   Section        0  _sputc.o(.text)
    .text                                    0x08003bd2   Section       78  rt_memclr_w.o(.text)
    .text                                    0x08003c20   Section       74  sys_stackheap_outer.o(.text)
    .text                                    0x08003c6a   Section        0  exit.o(.text)
    .text                                    0x08003c7c   Section        8  libspace.o(.text)
    x$fpl$d2f                                0x08003c84   Section       98  d2f.o(x$fpl$d2f)
    x$fpl$dadd                               0x08003ce8   Section      336  daddsub_clz.o(x$fpl$dadd)
    _dadd1                                   0x08003cf9   Thumb Code     0  daddsub_clz.o(x$fpl$dadd)
    x$fpl$dcmpinf                            0x08003e38   Section       24  dcmpi.o(x$fpl$dcmpinf)
    x$fpl$ddiv                               0x08003e50   Section      688  ddiv.o(x$fpl$ddiv)
    ddiv_entry                               0x08003e57   Thumb Code     0  ddiv.o(x$fpl$ddiv)
    x$fpl$dfix                               0x08004100   Section       94  dfix.o(x$fpl$dfix)
    x$fpl$dleqf                              0x08004160   Section      120  dleqf.o(x$fpl$dleqf)
    x$fpl$dmul                               0x080041d8   Section      340  dmul.o(x$fpl$dmul)
    x$fpl$dnaninf                            0x0800432c   Section      156  dnaninf.o(x$fpl$dnaninf)
    x$fpl$dretinf                            0x080043c8   Section       12  dretinf.o(x$fpl$dretinf)
    x$fpl$drsb                               0x080043d4   Section       22  daddsub_clz.o(x$fpl$drsb)
    x$fpl$dsub                               0x080043ec   Section      468  daddsub_clz.o(x$fpl$dsub)
    _dsub1                                   0x080043fd   Thumb Code     0  daddsub_clz.o(x$fpl$dsub)
    x$fpl$f2d                                0x080045c0   Section       86  f2d.o(x$fpl$f2d)
    x$fpl$fcmpinf                            0x08004616   Section       24  fcmpi.o(x$fpl$fcmpinf)
    x$fpl$ffix                               0x08004630   Section       54  ffix.o(x$fpl$ffix)
    x$fpl$ffixu                              0x08004668   Section       62  ffixu.o(x$fpl$ffixu)
    x$fpl$fflt                               0x080046a8   Section       48  fflt_clz.o(x$fpl$fflt)
    x$fpl$ffltu                              0x080046d8   Section       38  fflt_clz.o(x$fpl$ffltu)
    x$fpl$fleqf                              0x08004700   Section      104  fleqf.o(x$fpl$fleqf)
    x$fpl$fmul                               0x08004768   Section      258  fmul.o(x$fpl$fmul)
    x$fpl$fnaninf                            0x0800486a   Section      140  fnaninf.o(x$fpl$fnaninf)
    x$fpl$fretinf                            0x080048f6   Section       10  fretinf.o(x$fpl$fretinf)
    x$fpl$frleqf                             0x08004900   Section       98  frleqf.o(x$fpl$frleqf)
    x$fpl$usenofp                            0x08004962   Section        0  usenofp.o(x$fpl$usenofp)
    .data                                    0x20000000   Section       94  main.o(.data)
    .data                                    0x20000060   Section       20  system_stm32f10x.o(.data)
    .data                                    0x20000074   Section       12  timer.o(.data)
    .data                                    0x20000080   Section        2  esp8266.o(.data)
    .data                                    0x20000082   Section       20  stm32f10x_rcc.o(.data)
    APBAHBPrescTable                         0x20000082   Data          16  stm32f10x_rcc.o(.data)
    ADCPrescTable                            0x20000092   Data           4  stm32f10x_rcc.o(.data)
    .data                                    0x20000096   Section        4  delay.o(.data)
    fac_us                                   0x20000096   Data           1  delay.o(.data)
    fac_ms                                   0x20000098   Data           2  delay.o(.data)
    .data                                    0x2000009c   Section        8  usart.o(.data)
    .bss                                     0x200000a4   Section      128  usart.o(.bss)
    .bss                                     0x20000124   Section       96  libspace.o(.bss)
    HEAP                                     0x20000188   Section      512  startup_stm32f10x_hd.o(HEAP)
    Heap_Mem                                 0x20000188   Data         512  startup_stm32f10x_hd.o(HEAP)
    STACK                                    0x20000388   Section     1024  startup_stm32f10x_hd.o(STACK)
    Stack_Mem                                0x20000388   Data        1024  startup_stm32f10x_hd.o(STACK)
    __initial_sp                             0x20000788   Data           0  startup_stm32f10x_hd.o(STACK)

    Global Symbols

    Symbol Name                              Value     Ov Type        Size  Object(Section)

    BuildAttributes$$THM_ISAv4$P$D$K$B$S$PE$A:L22UL41UL21$X:L11$S22US41US21$IEEE1$IW$USESV6$~STKCKD$USESV7$~SHL$OSPACE$ROPI$EBA8$UX$STANDARDLIB$REQ8$PRES8$EABIv2 0x00000000   Number         0  anon$$obj.o ABSOLUTE
    __ARM_use_no_argv                        0x00000000   Number         0  main.o ABSOLUTE
    __ARM_exceptions_init                     - Undefined Weak Reference
    __alloca_initialize                       - Undefined Weak Reference
    __arm_fini_                               - Undefined Weak Reference
    __arm_preinit_                            - Undefined Weak Reference
    __cpp_initialize__aeabi_                  - Undefined Weak Reference
    __cxa_finalize                            - Undefined Weak Reference
    __rt_locale                               - Undefined Weak Reference
    __sigvec_lookup                           - Undefined Weak Reference
    _atexit_init                              - Undefined Weak Reference
    _call_atexit_fns                          - Undefined Weak Reference
    _clock_init                               - Undefined Weak Reference
    _fp_trap_init                             - Undefined Weak Reference
    _fp_trap_shutdown                         - Undefined Weak Reference
    _get_lc_collate                           - Undefined Weak Reference
    _get_lc_ctype                             - Undefined Weak Reference
    _get_lc_monetary                          - Undefined Weak Reference
    _get_lc_numeric                           - Undefined Weak Reference
    _get_lc_time                              - Undefined Weak Reference
    _getenv_init                              - Undefined Weak Reference
    _handle_redirection                       - Undefined Weak Reference
    _init_alloc                               - Undefined Weak Reference
    _init_user_alloc                          - Undefined Weak Reference
    _initio                                   - Undefined Weak Reference
    _printf_post_padding                      - Undefined Weak Reference
    _printf_pre_padding                       - Undefined Weak Reference
    _printf_truncate_signed                   - Undefined Weak Reference
    _printf_truncate_unsigned                 - Undefined Weak Reference
    _rand_init                                - Undefined Weak Reference
    _signal_finish                            - Undefined Weak Reference
    _signal_init                              - Undefined Weak Reference
    _terminate_alloc                          - Undefined Weak Reference
    _terminate_user_alloc                     - Undefined Weak Reference
    _terminateio                              - Undefined Weak Reference
    __Vectors_Size                           0x00000130   Number         0  startup_stm32f10x_hd.o ABSOLUTE
    __Vectors                                0x08000000   Data           4  startup_stm32f10x_hd.o(RESET)
    __Vectors_End                            0x08000130   Data           0  startup_stm32f10x_hd.o(RESET)
    __main                                   0x08000131   Thumb Code     8  __main.o(!!!main)
    __scatterload                            0x08000139   Thumb Code     0  __scatter.o(!!!scatter)
    __scatterload_rt2                        0x08000139   Thumb Code    44  __scatter.o(!!!scatter)
    __scatterload_rt2_thumb_only             0x08000139   Thumb Code     0  __scatter.o(!!!scatter)
    __scatterload_null                       0x08000147   Thumb Code     0  __scatter.o(!!!scatter)
    __scatterload_copy                       0x0800016d   Thumb Code    26  __scatter_copy.o(!!handler_copy)
    __scatterload_zeroinit                   0x08000189   Thumb Code    28  __scatter_zi.o(!!handler_zi)
    _printf_d                                0x080001a5   Thumb Code     0  _printf_d.o(.ARM.Collect$$_printf_percent$$00000009)
    _printf_percent                          0x080001a5   Thumb Code     0  _printf_percent.o(.ARM.Collect$$_printf_percent$$00000000)
    _printf_percent_end                      0x080001ab   Thumb Code     0  _printf_percent_end.o(.ARM.Collect$$_printf_percent$$00000017)
    __rt_lib_init                            0x080001af   Thumb Code     0  libinit.o(.ARM.Collect$$libinit$$00000000)
    __rt_lib_init_alloca_1                   0x080001b1   Thumb Code     0  libinit2.o(.ARM.Collect$$libinit$$0000002E)
    __rt_lib_init_argv_1                     0x080001b1   Thumb Code     0  libinit2.o(.ARM.Collect$$libinit$$0000002C)
    __rt_lib_init_atexit_1                   0x080001b1   Thumb Code     0  libinit2.o(.ARM.Collect$$libinit$$0000001B)
    __rt_lib_init_clock_1                    0x080001b1   Thumb Code     0  libinit2.o(.ARM.Collect$$libinit$$00000021)
    __rt_lib_init_cpp_1                      0x080001b1   Thumb Code     0  libinit2.o(.ARM.Collect$$libinit$$00000032)
    __rt_lib_init_exceptions_1               0x080001b1   Thumb Code     0  libinit2.o(.ARM.Collect$$libinit$$00000030)
    __rt_lib_init_fp_1                       0x080001b1   Thumb Code     0  libinit2.o(.ARM.Collect$$libinit$$00000002)
    __rt_lib_init_fp_trap_1                  0x080001b1   Thumb Code     0  libinit2.o(.ARM.Collect$$libinit$$0000001F)
    __rt_lib_init_getenv_1                   0x080001b1   Thumb Code     0  libinit2.o(.ARM.Collect$$libinit$$00000023)
    __rt_lib_init_heap_1                     0x080001b1   Thumb Code     0  libinit2.o(.ARM.Collect$$libinit$$0000000A)
    __rt_lib_init_lc_collate_1               0x080001b1   Thumb Code     0  libinit2.o(.ARM.Collect$$libinit$$00000011)
    __rt_lib_init_lc_ctype_1                 0x080001b1   Thumb Code     0  libinit2.o(.ARM.Collect$$libinit$$00000013)
    __rt_lib_init_lc_monetary_1              0x080001b1   Thumb Code     0  libinit2.o(.ARM.Collect$$libinit$$00000015)
    __rt_lib_init_lc_numeric_1               0x080001b1   Thumb Code     0  libinit2.o(.ARM.Collect$$libinit$$00000017)
    __rt_lib_init_lc_time_1                  0x080001b1   Thumb Code     0  libinit2.o(.ARM.Collect$$libinit$$00000019)
    __rt_lib_init_preinit_1                  0x080001b1   Thumb Code     0  libinit2.o(.ARM.Collect$$libinit$$00000004)
    __rt_lib_init_rand_1                     0x080001b1   Thumb Code     0  libinit2.o(.ARM.Collect$$libinit$$0000000E)
    __rt_lib_init_return                     0x080001b1   Thumb Code     0  libinit2.o(.ARM.Collect$$libinit$$00000033)
    __rt_lib_init_signal_1                   0x080001b1   Thumb Code     0  libinit2.o(.ARM.Collect$$libinit$$0000001D)
    __rt_lib_init_stdio_1                    0x080001b1   Thumb Code     0  libinit2.o(.ARM.Collect$$libinit$$00000025)
    __rt_lib_init_user_alloc_1               0x080001b1   Thumb Code     0  libinit2.o(.ARM.Collect$$libinit$$0000000C)
    __rt_lib_shutdown                        0x080001b3   Thumb Code     0  libshutdown.o(.ARM.Collect$$libshutdown$$00000000)
    __rt_lib_shutdown_cpp_1                  0x080001b5   Thumb Code     0  libshutdown2.o(.ARM.Collect$$libshutdown$$00000004)
    __rt_lib_shutdown_fini_1                 0x080001b5   Thumb Code     0  libshutdown2.o(.ARM.Collect$$libshutdown$$00000002)
    __rt_lib_shutdown_fp_trap_1              0x080001b5   Thumb Code     0  libshutdown2.o(.ARM.Collect$$libshutdown$$00000009)
    __rt_lib_shutdown_heap_1                 0x080001b5   Thumb Code     0  libshutdown2.o(.ARM.Collect$$libshutdown$$00000011)
    __rt_lib_shutdown_return                 0x080001b5   Thumb Code     0  libshutdown2.o(.ARM.Collect$$libshutdown$$00000012)
    __rt_lib_shutdown_signal_1               0x080001b5   Thumb Code     0  libshutdown2.o(.ARM.Collect$$libshutdown$$0000000C)
    __rt_lib_shutdown_stdio_1                0x080001b5   Thumb Code     0  libshutdown2.o(.ARM.Collect$$libshutdown$$00000006)
    __rt_lib_shutdown_user_alloc_1           0x080001b5   Thumb Code     0  libshutdown2.o(.ARM.Collect$$libshutdown$$0000000E)
    __rt_entry                               0x080001b7   Thumb Code     0  __rtentry.o(.ARM.Collect$$rtentry$$00000000)
    __rt_entry_presh_1                       0x080001b7   Thumb Code     0  __rtentry2.o(.ARM.Collect$$rtentry$$00000002)
    __rt_entry_sh                            0x080001b7   Thumb Code     0  __rtentry4.o(.ARM.Collect$$rtentry$$00000004)
    __rt_entry_li                            0x080001bd   Thumb Code     0  __rtentry2.o(.ARM.Collect$$rtentry$$0000000A)
    __rt_entry_postsh_1                      0x080001bd   Thumb Code     0  __rtentry2.o(.ARM.Collect$$rtentry$$00000009)
    __rt_entry_main                          0x080001c1   Thumb Code     0  __rtentry2.o(.ARM.Collect$$rtentry$$0000000D)
    __rt_entry_postli_1                      0x080001c1   Thumb Code     0  __rtentry2.o(.ARM.Collect$$rtentry$$0000000C)
    __rt_exit                                0x080001c9   Thumb Code     0  rtexit.o(.ARM.Collect$$rtexit$$00000000)
    __rt_exit_ls                             0x080001cb   Thumb Code     0  rtexit2.o(.ARM.Collect$$rtexit$$00000003)
    __rt_exit_prels_1                        0x080001cb   Thumb Code     0  rtexit2.o(.ARM.Collect$$rtexit$$00000002)
    __rt_exit_exit                           0x080001cf   Thumb Code     0  rtexit2.o(.ARM.Collect$$rtexit$$00000004)
    che_Init                                 0x080001d5   Thumb Code    40  main.o(.text)
    KEY_SCAN                                 0x080001fd   Thumb Code   908  main.o(.text)
    Get_PH                                   0x08000589   Thumb Code   302  main.o(.text)
    main                                     0x080006b7   Thumb Code  1270  main.o(.text)
    NMI_Handler                              0x08000bd5   Thumb Code     2  stm32f10x_it.o(.text)
    HardFault_Handler                        0x08000bd7   Thumb Code     4  stm32f10x_it.o(.text)
    MemManage_Handler                        0x08000bdb   Thumb Code     4  stm32f10x_it.o(.text)
    BusFault_Handler                         0x08000bdf   Thumb Code     4  stm32f10x_it.o(.text)
    UsageFault_Handler                       0x08000be3   Thumb Code     4  stm32f10x_it.o(.text)
    SVC_Handler                              0x08000be7   Thumb Code     2  stm32f10x_it.o(.text)
    DebugMon_Handler                         0x08000be9   Thumb Code     2  stm32f10x_it.o(.text)
    PendSV_Handler                           0x08000beb   Thumb Code     2  stm32f10x_it.o(.text)
    SysTick_Handler                          0x08000bed   Thumb Code     2  stm32f10x_it.o(.text)
    SystemInit                               0x08000ccf   Thumb Code    78  system_stm32f10x.o(.text)
    SystemCoreClockUpdate                    0x08000d1d   Thumb Code   142  system_stm32f10x.o(.text)
    DS18B20_Rst                              0x08000dd1   Thumb Code    54  ds18b20.o(.text)
    DS18B20_Check                            0x08000e07   Thumb Code    96  ds18b20.o(.text)
    DS18B20_Read_Bit                         0x08000e67   Thumb Code    96  ds18b20.o(.text)
    DS18B20_Read_Byte                        0x08000ec7   Thumb Code    34  ds18b20.o(.text)
    DS18B20_Write_Byte                       0x08000ee9   Thumb Code   102  ds18b20.o(.text)
    DS18B20_Start                            0x08000f4f   Thumb Code    24  ds18b20.o(.text)
    DS18B20_Init                             0x08000f67   Thumb Code    62  ds18b20.o(.text)
    DS18B20_Get_Temp                         0x08000fa5   Thumb Code   136  ds18b20.o(.text)
    KEY_IO_Init                              0x0800103d   Thumb Code    40  key.o(.text)
    fengmingqi_Init                          0x08001065   Thumb Code    58  key.o(.text)
    BEEP_GPIO_Config                         0x0800109f   Thumb Code    60  key.o(.text)
    RELAY_Init                               0x080010db   Thumb Code    66  key.o(.text)
    Dao_xu                                   0x08001129   Thumb Code    40  lcd1602.o(.text)
    LCD_Write_Com                            0x08001151   Thumb Code    90  lcd1602.o(.text)
    LCD_Write_Data                           0x080011ab   Thumb Code    90  lcd1602.o(.text)
    LCD_Write_String                         0x08001205   Thumb Code    50  lcd1602.o(.text)
    LCD_Write_Char                           0x08001237   Thumb Code    40  lcd1602.o(.text)
    LCD1602_write_long                       0x0800125f   Thumb Code    98  lcd1602.o(.text)
    LCD_Clear                                0x080012c1   Thumb Code    16  lcd1602.o(.text)
    LCD_Init                                 0x080012d1   Thumb Code   150  lcd1602.o(.text)
    Adc_Init                                 0x08001371   Thumb Code   132  adc.o(.text)
    Get_Adc                                  0x080013f5   Thumb Code    46  adc.o(.text)
    Get_Adc_Average                          0x08001423   Thumb Code    46  adc.o(.text)
    TIM3_Int_Init                            0x08001459   Thumb Code    90  timer.o(.text)
    TIM3_IRQHandler                          0x080014b3   Thumb Code    22  timer.o(.text)
    MOTOR_GPIO_Init                          0x080014cd   Thumb Code    40  motor.o(.text)
    MotorCW                                  0x080014f5   Thumb Code   136  motor.o(.text)
    MotorCCW                                 0x0800157d   Thumb Code   136  motor.o(.text)
    MotorStop                                0x08001605   Thumb Code    26  motor.o(.text)
    ESP8266_Clear                            0x0800162d   Thumb Code    18  esp8266.o(.text)
    ESP8266_WaitRecive                       0x0800163f   Thumb Code    42  esp8266.o(.text)
    ESP8266_SendCmd                          0x08001669   Thumb Code    74  esp8266.o(.text)
    ESP8266_SendData                         0x080016b3   Thumb Code    46  esp8266.o(.text)
    ESP8266_GetIPD                           0x080016e1   Thumb Code    68  esp8266.o(.text)
    ESP8266_Init                             0x08001725   Thumb Code   112  esp8266.o(.text)
    Reset_Handler                            0x08001819   Thumb Code     8  startup_stm32f10x_hd.o(.text)
    ADC1_2_IRQHandler                        0x08001833   Thumb Code     0  startup_stm32f10x_hd.o(.text)
    ADC3_IRQHandler                          0x08001833   Thumb Code     0  startup_stm32f10x_hd.o(.text)
    CAN1_RX1_IRQHandler                      0x08001833   Thumb Code     0  startup_stm32f10x_hd.o(.text)
    CAN1_SCE_IRQHandler                      0x08001833   Thumb Code     0  startup_stm32f10x_hd.o(.text)
    DMA1_Channel1_IRQHandler                 0x08001833   Thumb Code     0  startup_stm32f10x_hd.o(.text)
    DMA1_Channel2_IRQHandler                 0x08001833   Thumb Code     0  startup_stm32f10x_hd.o(.text)
    DMA1_Channel3_IRQHandler                 0x08001833   Thumb Code     0  startup_stm32f10x_hd.o(.text)
    DMA1_Channel4_IRQHandler                 0x08001833   Thumb Code     0  startup_stm32f10x_hd.o(.text)
    DMA1_Channel5_IRQHandler                 0x08001833   Thumb Code     0  startup_stm32f10x_hd.o(.text)
    DMA1_Channel6_IRQHandler                 0x08001833   Thumb Code     0  startup_stm32f10x_hd.o(.text)
    DMA1_Channel7_IRQHandler                 0x08001833   Thumb Code     0  startup_stm32f10x_hd.o(.text)
    DMA2_Channel1_IRQHandler                 0x08001833   Thumb Code     0  startup_stm32f10x_hd.o(.text)
    DMA2_Channel2_IRQHandler                 0x08001833   Thumb Code     0  startup_stm32f10x_hd.o(.text)
    DMA2_Channel3_IRQHandler                 0x08001833   Thumb Code     0  startup_stm32f10x_hd.o(.text)
    DMA2_Channel4_5_IRQHandler               0x08001833   Thumb Code     0  startup_stm32f10x_hd.o(.text)
    EXTI0_IRQHandler                         0x08001833   Thumb Code     0  startup_stm32f10x_hd.o(.text)
    EXTI15_10_IRQHandler                     0x08001833   Thumb Code     0  startup_stm32f10x_hd.o(.text)
    EXTI1_IRQHandler                         0x08001833   Thumb Code     0  startup_stm32f10x_hd.o(.text)
    EXTI2_IRQHandler                         0x08001833   Thumb Code     0  startup_stm32f10x_hd.o(.text)
    EXTI3_IRQHandler                         0x08001833   Thumb Code     0  startup_stm32f10x_hd.o(.text)
    EXTI4_IRQHandler                         0x08001833   Thumb Code     0  startup_stm32f10x_hd.o(.text)
    EXTI9_5_IRQHandler                       0x08001833   Thumb Code     0  startup_stm32f10x_hd.o(.text)
    FLASH_IRQHandler                         0x08001833   Thumb Code     0  startup_stm32f10x_hd.o(.text)
    FSMC_IRQHandler                          0x08001833   Thumb Code     0  startup_stm32f10x_hd.o(.text)
    I2C1_ER_IRQHandler                       0x08001833   Thumb Code     0  startup_stm32f10x_hd.o(.text)
    I2C1_EV_IRQHandler                       0x08001833   Thumb Code     0  startup_stm32f10x_hd.o(.text)
    I2C2_ER_IRQHandler                       0x08001833   Thumb Code     0  startup_stm32f10x_hd.o(.text)
    I2C2_EV_IRQHandler                       0x08001833   Thumb Code     0  startup_stm32f10x_hd.o(.text)
    PVD_IRQHandler                           0x08001833   Thumb Code     0  startup_stm32f10x_hd.o(.text)
    RCC_IRQHandler                           0x08001833   Thumb Code     0  startup_stm32f10x_hd.o(.text)
    RTCAlarm_IRQHandler                      0x08001833   Thumb Code     0  startup_stm32f10x_hd.o(.text)
    RTC_IRQHandler                           0x08001833   Thumb Code     0  startup_stm32f10x_hd.o(.text)
    SDIO_IRQHandler                          0x08001833   Thumb Code     0  startup_stm32f10x_hd.o(.text)
    SPI1_IRQHandler                          0x08001833   Thumb Code     0  startup_stm32f10x_hd.o(.text)
    SPI2_IRQHandler                          0x08001833   Thumb Code     0  startup_stm32f10x_hd.o(.text)
    SPI3_IRQHandler                          0x08001833   Thumb Code     0  startup_stm32f10x_hd.o(.text)
    TAMPER_IRQHandler                        0x08001833   Thumb Code     0  startup_stm32f10x_hd.o(.text)
    TIM1_BRK_IRQHandler                      0x08001833   Thumb Code     0  startup_stm32f10x_hd.o(.text)
    TIM1_CC_IRQHandler                       0x08001833   Thumb Code     0  startup_stm32f10x_hd.o(.text)
    TIM1_TRG_COM_IRQHandler                  0x08001833   Thumb Code     0  startup_stm32f10x_hd.o(.text)
    TIM1_UP_IRQHandler                       0x08001833   Thumb Code     0  startup_stm32f10x_hd.o(.text)
    TIM2_IRQHandler                          0x08001833   Thumb Code     0  startup_stm32f10x_hd.o(.text)
    TIM4_IRQHandler                          0x08001833   Thumb Code     0  startup_stm32f10x_hd.o(.text)
    TIM5_IRQHandler                          0x08001833   Thumb Code     0  startup_stm32f10x_hd.o(.text)
    TIM6_IRQHandler                          0x08001833   Thumb Code     0  startup_stm32f10x_hd.o(.text)
    TIM7_IRQHandler                          0x08001833   Thumb Code     0  startup_stm32f10x_hd.o(.text)
    TIM8_BRK_IRQHandler                      0x08001833   Thumb Code     0  startup_stm32f10x_hd.o(.text)
    TIM8_CC_IRQHandler                       0x08001833   Thumb Code     0  startup_stm32f10x_hd.o(.text)
    TIM8_TRG_COM_IRQHandler                  0x08001833   Thumb Code     0  startup_stm32f10x_hd.o(.text)
    TIM8_UP_IRQHandler                       0x08001833   Thumb Code     0  startup_stm32f10x_hd.o(.text)
    UART4_IRQHandler                         0x08001833   Thumb Code     0  startup_stm32f10x_hd.o(.text)
    UART5_IRQHandler                         0x08001833   Thumb Code     0  startup_stm32f10x_hd.o(.text)
    USART2_IRQHandler                        0x08001833   Thumb Code     0  startup_stm32f10x_hd.o(.text)
    USART3_IRQHandler                        0x08001833   Thumb Code     0  startup_stm32f10x_hd.o(.text)
    USBWakeUp_IRQHandler                     0x08001833   Thumb Code     0  startup_stm32f10x_hd.o(.text)
    USB_HP_CAN1_TX_IRQHandler                0x08001833   Thumb Code     0  startup_stm32f10x_hd.o(.text)
    USB_LP_CAN1_RX0_IRQHandler               0x08001833   Thumb Code     0  startup_stm32f10x_hd.o(.text)
    WWDG_IRQHandler                          0x08001833   Thumb Code     0  startup_stm32f10x_hd.o(.text)
    __user_initial_stackheap                 0x08001835   Thumb Code     0  startup_stm32f10x_hd.o(.text)
    NVIC_PriorityGroupConfig                 0x08001859   Thumb Code    10  misc.o(.text)
    NVIC_Init                                0x08001863   Thumb Code   100  misc.o(.text)
    NVIC_SetVectorTable                      0x080018c7   Thumb Code    14  misc.o(.text)
    NVIC_SystemLPConfig                      0x080018d5   Thumb Code    34  misc.o(.text)
    SysTick_CLKSourceConfig                  0x080018f7   Thumb Code    40  misc.o(.text)
    ADC_DeInit                               0x08001935   Thumb Code    78  stm32f10x_adc.o(.text)
    ADC_Init                                 0x08001983   Thumb Code    70  stm32f10x_adc.o(.text)
    ADC_StructInit                           0x080019c9   Thumb Code    18  stm32f10x_adc.o(.text)
    ADC_Cmd                                  0x080019db   Thumb Code    22  stm32f10x_adc.o(.text)
    ADC_DMACmd                               0x080019f1   Thumb Code    22  stm32f10x_adc.o(.text)
    ADC_ITConfig                             0x08001a07   Thumb Code    24  stm32f10x_adc.o(.text)
    ADC_ResetCalibration                     0x08001a1f   Thumb Code    10  stm32f10x_adc.o(.text)
    ADC_GetResetCalibrationStatus            0x08001a29   Thumb Code    20  stm32f10x_adc.o(.text)
    ADC_StartCalibration                     0x08001a3d   Thumb Code    10  stm32f10x_adc.o(.text)
    ADC_GetCalibrationStatus                 0x08001a47   Thumb Code    20  stm32f10x_adc.o(.text)
    ADC_SoftwareStartConvCmd                 0x08001a5b   Thumb Code    22  stm32f10x_adc.o(.text)
    ADC_GetSoftwareStartConvStatus           0x08001a71   Thumb Code    20  stm32f10x_adc.o(.text)
    ADC_DiscModeChannelCountConfig           0x08001a85   Thumb Code    24  stm32f10x_adc.o(.text)
    ADC_DiscModeCmd                          0x08001a9d   Thumb Code    22  stm32f10x_adc.o(.text)
    ADC_RegularChannelConfig                 0x08001ab3   Thumb Code   184  stm32f10x_adc.o(.text)
    ADC_ExternalTrigConvCmd                  0x08001b6b   Thumb Code    22  stm32f10x_adc.o(.text)
    ADC_GetConversionValue                   0x08001b81   Thumb Code     8  stm32f10x_adc.o(.text)
    ADC_GetDualModeConversionValue           0x08001b89   Thumb Code     8  stm32f10x_adc.o(.text)
    ADC_AutoInjectedConvCmd                  0x08001b91   Thumb Code    22  stm32f10x_adc.o(.text)
    ADC_InjectedDiscModeCmd                  0x08001ba7   Thumb Code    22  stm32f10x_adc.o(.text)
    ADC_ExternalTrigInjectedConvConfig       0x08001bbd   Thumb Code    16  stm32f10x_adc.o(.text)
    ADC_ExternalTrigInjectedConvCmd          0x08001bcd   Thumb Code    22  stm32f10x_adc.o(.text)
    ADC_SoftwareStartInjectedConvCmd         0x08001be3   Thumb Code    22  stm32f10x_adc.o(.text)
    ADC_GetSoftwareStartInjectedConvCmdStatus 0x08001bf9   Thumb Code    20  stm32f10x_adc.o(.text)
    ADC_InjectedChannelConfig                0x08001c0d   Thumb Code   130  stm32f10x_adc.o(.text)
    ADC_InjectedSequencerLengthConfig        0x08001c8f   Thumb Code    24  stm32f10x_adc.o(.text)
    ADC_SetInjectedOffset                    0x08001ca7   Thumb Code    20  stm32f10x_adc.o(.text)
    ADC_GetInjectedConversionValue           0x08001cbb   Thumb Code    28  stm32f10x_adc.o(.text)
    ADC_AnalogWatchdogCmd                    0x08001cd7   Thumb Code    16  stm32f10x_adc.o(.text)
    ADC_AnalogWatchdogThresholdsConfig       0x08001ce7   Thumb Code     6  stm32f10x_adc.o(.text)
    ADC_AnalogWatchdogSingleChannelConfig    0x08001ced   Thumb Code    16  stm32f10x_adc.o(.text)
    ADC_TempSensorVrefintCmd                 0x08001cfd   Thumb Code    64  stm32f10x_adc.o(.text)
    ADC_GetFlagStatus                        0x08001d3d   Thumb Code    18  stm32f10x_adc.o(.text)
    ADC_ClearFlag                            0x08001d4f   Thumb Code     6  stm32f10x_adc.o(.text)
    ADC_GetITStatus                          0x08001d55   Thumb Code    36  stm32f10x_adc.o(.text)
    ADC_ClearITPendingBit                    0x08001d79   Thumb Code    10  stm32f10x_adc.o(.text)
    GPIO_DeInit                              0x08001d85   Thumb Code   172  stm32f10x_gpio.o(.text)
    GPIO_AFIODeInit                          0x08001e31   Thumb Code    20  stm32f10x_gpio.o(.text)
    GPIO_Init                                0x08001e45   Thumb Code   278  stm32f10x_gpio.o(.text)
    GPIO_StructInit                          0x08001f5b   Thumb Code    16  stm32f10x_gpio.o(.text)
    GPIO_ReadInputDataBit                    0x08001f6b   Thumb Code    18  stm32f10x_gpio.o(.text)
    GPIO_ReadInputData                       0x08001f7d   Thumb Code     8  stm32f10x_gpio.o(.text)
    GPIO_ReadOutputDataBit                   0x08001f85   Thumb Code    18  stm32f10x_gpio.o(.text)
    GPIO_ReadOutputData                      0x08001f97   Thumb Code     8  stm32f10x_gpio.o(.text)
    GPIO_SetBits                             0x08001f9f   Thumb Code     4  stm32f10x_gpio.o(.text)
    GPIO_ResetBits                           0x08001fa3   Thumb Code     4  stm32f10x_gpio.o(.text)
    GPIO_WriteBit                            0x08001fa7   Thumb Code    10  stm32f10x_gpio.o(.text)
    GPIO_Write                               0x08001fb1   Thumb Code     4  stm32f10x_gpio.o(.text)
    GPIO_PinLockConfig                       0x08001fb5   Thumb Code    18  stm32f10x_gpio.o(.text)
    GPIO_EventOutputConfig                   0x08001fc7   Thumb Code    26  stm32f10x_gpio.o(.text)
    GPIO_EventOutputCmd                      0x08001fe1   Thumb Code     6  stm32f10x_gpio.o(.text)
    GPIO_PinRemapConfig                      0x08001fe7   Thumb Code   138  stm32f10x_gpio.o(.text)
    GPIO_EXTILineConfig                      0x08002071   Thumb Code    66  stm32f10x_gpio.o(.text)
    GPIO_ETH_MediaInterfaceConfig            0x080020b3   Thumb Code     8  stm32f10x_gpio.o(.text)
    TIM_DeInit                               0x080020e1   Thumb Code   424  stm32f10x_tim.o(.text)
    TIM_TimeBaseInit                         0x08002289   Thumb Code   122  stm32f10x_tim.o(.text)
    TIM_OC1Init                              0x08002303   Thumb Code   132  stm32f10x_tim.o(.text)
    TIM_OC2Init                              0x08002387   Thumb Code   154  stm32f10x_tim.o(.text)
    TIM_OC3Init                              0x08002421   Thumb Code   150  stm32f10x_tim.o(.text)
    TIM_OC4Init                              0x080024b7   Thumb Code   182  stm32f10x_tim.o(.text)
    TIM_SetIC4Prescaler                      0x0800256d   Thumb Code    26  stm32f10x_tim.o(.text)
    TIM_SetIC3Prescaler                      0x08002609   Thumb Code    18  stm32f10x_tim.o(.text)
    TIM_SetIC2Prescaler                      0x08002695   Thumb Code    26  stm32f10x_tim.o(.text)
    TIM_SetIC1Prescaler                      0x08002731   Thumb Code    18  stm32f10x_tim.o(.text)
    TIM_ICInit                               0x080027af   Thumb Code   150  stm32f10x_tim.o(.text)
    TIM_PWMIConfig                           0x08002845   Thumb Code   124  stm32f10x_tim.o(.text)
    TIM_BDTRConfig                           0x080028c1   Thumb Code    32  stm32f10x_tim.o(.text)
    TIM_TimeBaseStructInit                   0x080028e1   Thumb Code    18  stm32f10x_tim.o(.text)
    TIM_OCStructInit                         0x080028f3   Thumb Code    20  stm32f10x_tim.o(.text)
    TIM_ICStructInit                         0x08002907   Thumb Code    18  stm32f10x_tim.o(.text)
    TIM_BDTRStructInit                       0x08002919   Thumb Code    40  stm32f10x_tim.o(.text)
    TIM_Cmd                                  0x08002941   Thumb Code    24  stm32f10x_tim.o(.text)
    TIM_CtrlPWMOutputs                       0x08002959   Thumb Code    30  stm32f10x_tim.o(.text)
    TIM_ITConfig                             0x08002977   Thumb Code    18  stm32f10x_tim.o(.text)
    TIM_GenerateEvent                        0x08002989   Thumb Code     4  stm32f10x_tim.o(.text)
    TIM_DMAConfig                            0x0800298d   Thumb Code    10  stm32f10x_tim.o(.text)
    TIM_DMACmd                               0x08002997   Thumb Code    18  stm32f10x_tim.o(.text)
    TIM_InternalClockConfig                  0x080029a9   Thumb Code    12  stm32f10x_tim.o(.text)
    TIM_SelectInputTrigger                   0x080029b5   Thumb Code    18  stm32f10x_tim.o(.text)
    TIM_ITRxExternalClockConfig              0x080029c7   Thumb Code    24  stm32f10x_tim.o(.text)
    TIM_TIxExternalClockConfig               0x080029df   Thumb Code    62  stm32f10x_tim.o(.text)
    TIM_ETRConfig                            0x08002a1d   Thumb Code    28  stm32f10x_tim.o(.text)
    TIM_ETRClockMode1Config                  0x08002a39   Thumb Code    54  stm32f10x_tim.o(.text)
    TIM_ETRClockMode2Config                  0x08002a6f   Thumb Code    32  stm32f10x_tim.o(.text)
    TIM_PrescalerConfig                      0x08002a8f   Thumb Code     6  stm32f10x_tim.o(.text)
    TIM_CounterModeConfig                    0x08002a95   Thumb Code    18  stm32f10x_tim.o(.text)
    TIM_EncoderInterfaceConfig               0x08002aa7   Thumb Code    66  stm32f10x_tim.o(.text)
    TIM_ForcedOC1Config                      0x08002ae9   Thumb Code    18  stm32f10x_tim.o(.text)
    TIM_ForcedOC2Config                      0x08002afb   Thumb Code    26  stm32f10x_tim.o(.text)
    TIM_ForcedOC3Config                      0x08002b15   Thumb Code    18  stm32f10x_tim.o(.text)
    TIM_ForcedOC4Config                      0x08002b27   Thumb Code    26  stm32f10x_tim.o(.text)
    TIM_ARRPreloadConfig                     0x08002b41   Thumb Code    24  stm32f10x_tim.o(.text)
    TIM_SelectCOM                            0x08002b59   Thumb Code    24  stm32f10x_tim.o(.text)
    TIM_SelectCCDMA                          0x08002b71   Thumb Code    24  stm32f10x_tim.o(.text)
    TIM_CCPreloadControl                     0x08002b89   Thumb Code    24  stm32f10x_tim.o(.text)
    TIM_OC1PreloadConfig                     0x08002ba1   Thumb Code    18  stm32f10x_tim.o(.text)
    TIM_OC2PreloadConfig                     0x08002bb3   Thumb Code    26  stm32f10x_tim.o(.text)
    TIM_OC3PreloadConfig                     0x08002bcd   Thumb Code    18  stm32f10x_tim.o(.text)
    TIM_OC4PreloadConfig                     0x08002bdf   Thumb Code    26  stm32f10x_tim.o(.text)
    TIM_OC1FastConfig                        0x08002bf9   Thumb Code    18  stm32f10x_tim.o(.text)
    TIM_OC2FastConfig                        0x08002c0b   Thumb Code    26  stm32f10x_tim.o(.text)
    TIM_OC3FastConfig                        0x08002c25   Thumb Code    18  stm32f10x_tim.o(.text)
    TIM_OC4FastConfig                        0x08002c37   Thumb Code    26  stm32f10x_tim.o(.text)
    TIM_ClearOC1Ref                          0x08002c51   Thumb Code    18  stm32f10x_tim.o(.text)
    TIM_ClearOC2Ref                          0x08002c63   Thumb Code    24  stm32f10x_tim.o(.text)
    TIM_ClearOC3Ref                          0x08002c7b   Thumb Code    18  stm32f10x_tim.o(.text)
    TIM_ClearOC4Ref                          0x08002c8d   Thumb Code    24  stm32f10x_tim.o(.text)
    TIM_OC1PolarityConfig                    0x08002ca5   Thumb Code    18  stm32f10x_tim.o(.text)
    TIM_OC1NPolarityConfig                   0x08002cb7   Thumb Code    18  stm32f10x_tim.o(.text)
    TIM_OC2PolarityConfig                    0x08002cc9   Thumb Code    26  stm32f10x_tim.o(.text)
    TIM_OC2NPolarityConfig                   0x08002ce3   Thumb Code    26  stm32f10x_tim.o(.text)
    TIM_OC3PolarityConfig                    0x08002cfd   Thumb Code    26  stm32f10x_tim.o(.text)
    TIM_OC3NPolarityConfig                   0x08002d17   Thumb Code    26  stm32f10x_tim.o(.text)
    TIM_OC4PolarityConfig                    0x08002d31   Thumb Code    26  stm32f10x_tim.o(.text)
    TIM_CCxCmd                               0x08002d4b   Thumb Code    30  stm32f10x_tim.o(.text)
    TIM_CCxNCmd                              0x08002d69   Thumb Code    30  stm32f10x_tim.o(.text)
    TIM_SelectOCxM                           0x08002d87   Thumb Code    82  stm32f10x_tim.o(.text)
    TIM_UpdateDisableConfig                  0x08002dd9   Thumb Code    24  stm32f10x_tim.o(.text)
    TIM_UpdateRequestConfig                  0x08002df1   Thumb Code    24  stm32f10x_tim.o(.text)
    TIM_SelectHallSensor                     0x08002e09   Thumb Code    24  stm32f10x_tim.o(.text)
    TIM_SelectOnePulseMode                   0x08002e21   Thumb Code    18  stm32f10x_tim.o(.text)
    TIM_SelectOutputTrigger                  0x08002e33   Thumb Code    18  stm32f10x_tim.o(.text)
    TIM_SelectSlaveMode                      0x08002e45   Thumb Code    18  stm32f10x_tim.o(.text)
    TIM_SelectMasterSlaveMode                0x08002e57   Thumb Code    18  stm32f10x_tim.o(.text)
    TIM_SetCounter                           0x08002e69   Thumb Code     4  stm32f10x_tim.o(.text)
    TIM_SetAutoreload                        0x08002e6d   Thumb Code     4  stm32f10x_tim.o(.text)
    TIM_SetCompare1                          0x08002e71   Thumb Code     4  stm32f10x_tim.o(.text)
    TIM_SetCompare2                          0x08002e75   Thumb Code     4  stm32f10x_tim.o(.text)
    TIM_SetCompare3                          0x08002e79   Thumb Code     4  stm32f10x_tim.o(.text)
    TIM_SetCompare4                          0x08002e7d   Thumb Code     6  stm32f10x_tim.o(.text)
    TIM_SetClockDivision                     0x08002e83   Thumb Code    18  stm32f10x_tim.o(.text)
    TIM_GetCapture1                          0x08002e95   Thumb Code     6  stm32f10x_tim.o(.text)
    TIM_GetCapture2                          0x08002e9b   Thumb Code     6  stm32f10x_tim.o(.text)
    TIM_GetCapture3                          0x08002ea1   Thumb Code     6  stm32f10x_tim.o(.text)
    TIM_GetCapture4                          0x08002ea7   Thumb Code     8  stm32f10x_tim.o(.text)
    TIM_GetCounter                           0x08002eaf   Thumb Code     6  stm32f10x_tim.o(.text)
    TIM_GetPrescaler                         0x08002eb5   Thumb Code     6  stm32f10x_tim.o(.text)
    TIM_GetFlagStatus                        0x08002ebb   Thumb Code    18  stm32f10x_tim.o(.text)
    TIM_ClearFlag                            0x08002ecd   Thumb Code     6  stm32f10x_tim.o(.text)
    TIM_GetITStatus                          0x08002ed3   Thumb Code    34  stm32f10x_tim.o(.text)
    TIM_ClearITPendingBit                    0x08002ef5   Thumb Code     6  stm32f10x_tim.o(.text)
    USART_DeInit                             0x08002efd   Thumb Code   134  stm32f10x_usart.o(.text)
    USART_Init                               0x08002f83   Thumb Code   210  stm32f10x_usart.o(.text)
    USART_StructInit                         0x08003055   Thumb Code    24  stm32f10x_usart.o(.text)
    USART_ClockInit                          0x0800306d   Thumb Code    34  stm32f10x_usart.o(.text)
    USART_ClockStructInit                    0x0800308f   Thumb Code    12  stm32f10x_usart.o(.text)
    USART_Cmd                                0x0800309b   Thumb Code    24  stm32f10x_usart.o(.text)
    USART_ITConfig                           0x080030b3   Thumb Code    74  stm32f10x_usart.o(.text)
    USART_DMACmd                             0x080030fd   Thumb Code    18  stm32f10x_usart.o(.text)
    USART_SetAddress                         0x0800310f   Thumb Code    18  stm32f10x_usart.o(.text)
    USART_WakeUpConfig                       0x08003121   Thumb Code    18  stm32f10x_usart.o(.text)
    USART_ReceiverWakeUpCmd                  0x08003133   Thumb Code    24  stm32f10x_usart.o(.text)
    USART_LINBreakDetectLengthConfig         0x0800314b   Thumb Code    18  stm32f10x_usart.o(.text)
    USART_LINCmd                             0x0800315d   Thumb Code    24  stm32f10x_usart.o(.text)
    USART_SendData                           0x08003175   Thumb Code     8  stm32f10x_usart.o(.text)
    USART_ReceiveData                        0x0800317d   Thumb Code    10  stm32f10x_usart.o(.text)
    USART_SendBreak                          0x08003187   Thumb Code    10  stm32f10x_usart.o(.text)
    USART_SetGuardTime                       0x08003191   Thumb Code    16  stm32f10x_usart.o(.text)
    USART_SetPrescaler                       0x080031a1   Thumb Code    16  stm32f10x_usart.o(.text)
    USART_SmartCardCmd                       0x080031b1   Thumb Code    24  stm32f10x_usart.o(.text)
    USART_SmartCardNACKCmd                   0x080031c9   Thumb Code    24  stm32f10x_usart.o(.text)
    USART_HalfDuplexCmd                      0x080031e1   Thumb Code    24  stm32f10x_usart.o(.text)
    USART_OverSampling8Cmd                   0x080031f9   Thumb Code    22  stm32f10x_usart.o(.text)
    USART_OneBitMethodCmd                    0x0800320f   Thumb Code    24  stm32f10x_usart.o(.text)
    USART_IrDAConfig                         0x08003227   Thumb Code    18  stm32f10x_usart.o(.text)
    USART_IrDACmd                            0x08003239   Thumb Code    24  stm32f10x_usart.o(.text)
    USART_GetFlagStatus                      0x08003251   Thumb Code    26  stm32f10x_usart.o(.text)
    USART_ClearFlag                          0x0800326b   Thumb Code    18  stm32f10x_usart.o(.text)
    USART_GetITStatus                        0x0800327d   Thumb Code    84  stm32f10x_usart.o(.text)
    USART_ClearITPendingBit                  0x080032d1   Thumb Code    52  stm32f10x_usart.o(.text)
    RCC_DeInit                               0x08003305   Thumb Code    64  stm32f10x_rcc.o(.text)
    RCC_HSEConfig                            0x08003345   Thumb Code    70  stm32f10x_rcc.o(.text)
    RCC_GetFlagStatus                        0x0800338b   Thumb Code    56  stm32f10x_rcc.o(.text)
    RCC_WaitForHSEStartUp                    0x080033c3   Thumb Code    56  stm32f10x_rcc.o(.text)
    RCC_AdjustHSICalibrationValue            0x080033fb   Thumb Code    20  stm32f10x_rcc.o(.text)
    RCC_HSICmd                               0x0800340f   Thumb Code     6  stm32f10x_rcc.o(.text)
    RCC_PLLConfig                            0x08003415   Thumb Code    24  stm32f10x_rcc.o(.text)
    RCC_PLLCmd                               0x0800342d   Thumb Code     6  stm32f10x_rcc.o(.text)
    RCC_SYSCLKConfig                         0x08003433   Thumb Code    18  stm32f10x_rcc.o(.text)
    RCC_GetSYSCLKSource                      0x08003445   Thumb Code    10  stm32f10x_rcc.o(.text)
    RCC_HCLKConfig                           0x0800344f   Thumb Code    18  stm32f10x_rcc.o(.text)
    RCC_PCLK1Config                          0x08003461   Thumb Code    18  stm32f10x_rcc.o(.text)
    RCC_PCLK2Config                          0x08003473   Thumb Code    20  stm32f10x_rcc.o(.text)
    RCC_ITConfig                             0x08003487   Thumb Code    26  stm32f10x_rcc.o(.text)
    RCC_USBCLKConfig                         0x080034a1   Thumb Code     8  stm32f10x_rcc.o(.text)
    RCC_ADCCLKConfig                         0x080034a9   Thumb Code    18  stm32f10x_rcc.o(.text)
    RCC_LSEConfig                            0x080034bb   Thumb Code    50  stm32f10x_rcc.o(.text)
    RCC_LSICmd                               0x080034ed   Thumb Code     6  stm32f10x_rcc.o(.text)
    RCC_RTCCLKConfig                         0x080034f3   Thumb Code    12  stm32f10x_rcc.o(.text)
    RCC_RTCCLKCmd                            0x080034ff   Thumb Code     8  stm32f10x_rcc.o(.text)
    RCC_GetClocksFreq                        0x08003507   Thumb Code   192  stm32f10x_rcc.o(.text)
    RCC_AHBPeriphClockCmd                    0x080035c7   Thumb Code    26  stm32f10x_rcc.o(.text)
    RCC_APB2PeriphClockCmd                   0x080035e1   Thumb Code    26  stm32f10x_rcc.o(.text)
    RCC_APB1PeriphClockCmd                   0x080035fb   Thumb Code    26  stm32f10x_rcc.o(.text)
    RCC_APB2PeriphResetCmd                   0x08003615   Thumb Code    26  stm32f10x_rcc.o(.text)
    RCC_APB1PeriphResetCmd                   0x0800362f   Thumb Code    26  stm32f10x_rcc.o(.text)
    RCC_BackupResetCmd                       0x08003649   Thumb Code     8  stm32f10x_rcc.o(.text)
    RCC_ClockSecuritySystemCmd               0x08003651   Thumb Code     6  stm32f10x_rcc.o(.text)
    RCC_MCOConfig                            0x08003657   Thumb Code     6  stm32f10x_rcc.o(.text)
    RCC_ClearFlag                            0x0800365d   Thumb Code    14  stm32f10x_rcc.o(.text)
    RCC_GetITStatus                          0x0800366b   Thumb Code    20  stm32f10x_rcc.o(.text)
    RCC_ClearITPendingBit                    0x0800367f   Thumb Code     6  stm32f10x_rcc.o(.text)
    delay_init                               0x080036a9   Thumb Code    50  delay.o(.text)
    delay_us                                 0x080036db   Thumb Code    72  delay.o(.text)
    delay_ms                                 0x08003723   Thumb Code    72  delay.o(.text)
    NVIC_Configuration                       0x0800377d   Thumb Code    12  sys.o(.text)
    _sys_exit                                0x08003789   Thumb Code     6  usart.o(.text)
    fputc                                    0x0800378f   Thumb Code    24  usart.o(.text)
    uart1_Init                               0x080037a7   Thumb Code   178  usart.o(.text)
    USART1_IRQHandler                        0x08003859   Thumb Code    64  usart.o(.text)
    uart1_SendStr                            0x08003899   Thumb Code    34  usart.o(.text)
    uart1_send                               0x080038bb   Thumb Code    76  usart.o(.text)
    __use_no_semihosting                     0x08003919   Thumb Code     2  use_no_semi_2.o(.text)
    __2sprintf                               0x0800391d   Thumb Code    34  noretval__2sprintf.o(.text)
    __printf                                 0x08003945   Thumb Code   104  __printf.o(.text)
    _printf_int_dec                          0x080039ad   Thumb Code   104  _printf_dec.o(.text)
    strchr                                   0x08003a25   Thumb Code    20  strchr.o(.text)
    strstr                                   0x08003a39   Thumb Code    36  strstr.o(.text)
    strlen                                   0x08003a5d   Thumb Code    62  strlen.o(.text)
    __aeabi_memclr                           0x08003a9b   Thumb Code     0  rt_memclr.o(.text)
    __rt_memclr                              0x08003a9b   Thumb Code    68  rt_memclr.o(.text)
    _memset                                  0x08003a9f   Thumb Code     0  rt_memclr.o(.text)
    __use_two_region_memory                  0x08003adf   Thumb Code     2  heapauxi.o(.text)
    __rt_heap_escrow$2region                 0x08003ae1   Thumb Code     2  heapauxi.o(.text)
    __rt_heap_expand$2region                 0x08003ae3   Thumb Code     2  heapauxi.o(.text)
    __I$use$semihosting                      0x08003ae5   Thumb Code     0  use_no_semi.o(.text)
    __use_no_semihosting_swi                 0x08003ae5   Thumb Code     2  use_no_semi.o(.text)
    _printf_int_common                       0x08003ae7   Thumb Code   178  _printf_intcommon.o(.text)
    _printf_char_common                      0x08003ba3   Thumb Code    32  _printf_char_common.o(.text)
    _sputc                                   0x08003bc9   Thumb Code    10  _sputc.o(.text)
    __aeabi_memclr4                          0x08003bd3   Thumb Code     0  rt_memclr_w.o(.text)
    __aeabi_memclr8                          0x08003bd3   Thumb Code     0  rt_memclr_w.o(.text)
    __rt_memclr_w                            0x08003bd3   Thumb Code    78  rt_memclr_w.o(.text)
    _memset_w                                0x08003bd7   Thumb Code     0  rt_memclr_w.o(.text)
    __user_setup_stackheap                   0x08003c21   Thumb Code    74  sys_stackheap_outer.o(.text)
    exit                                     0x08003c6b   Thumb Code    18  exit.o(.text)
    __user_libspace                          0x08003c7d   Thumb Code     8  libspace.o(.text)
    __user_perproc_libspace                  0x08003c7d   Thumb Code     0  libspace.o(.text)
    __user_perthread_libspace                0x08003c7d   Thumb Code     0  libspace.o(.text)
    __aeabi_d2f                              0x08003c85   Thumb Code     0  d2f.o(x$fpl$d2f)
    _d2f                                     0x08003c85   Thumb Code    98  d2f.o(x$fpl$d2f)
    __aeabi_dadd                             0x08003ce9   Thumb Code     0  daddsub_clz.o(x$fpl$dadd)
    _dadd                                    0x08003ce9   Thumb Code   332  daddsub_clz.o(x$fpl$dadd)
    __fpl_dcmp_Inf                           0x08003e39   Thumb Code    24  dcmpi.o(x$fpl$dcmpinf)
    __aeabi_ddiv                             0x08003e51   Thumb Code     0  ddiv.o(x$fpl$ddiv)
    _ddiv                                    0x08003e51   Thumb Code   552  ddiv.o(x$fpl$ddiv)
    __aeabi_d2iz                             0x08004101   Thumb Code     0  dfix.o(x$fpl$dfix)
    _dfix                                    0x08004101   Thumb Code    94  dfix.o(x$fpl$dfix)
    __aeabi_cdcmple                          0x08004161   Thumb Code     0  dleqf.o(x$fpl$dleqf)
    _dcmple                                  0x08004161   Thumb Code   120  dleqf.o(x$fpl$dleqf)
    __fpl_dcmple_InfNaN                      0x080041c3   Thumb Code     0  dleqf.o(x$fpl$dleqf)
    __aeabi_dmul                             0x080041d9   Thumb Code     0  dmul.o(x$fpl$dmul)
    _dmul                                    0x080041d9   Thumb Code   332  dmul.o(x$fpl$dmul)
    __fpl_dnaninf                            0x0800432d   Thumb Code   156  dnaninf.o(x$fpl$dnaninf)
    __fpl_dretinf                            0x080043c9   Thumb Code    12  dretinf.o(x$fpl$dretinf)
    __aeabi_drsub                            0x080043d5   Thumb Code     0  daddsub_clz.o(x$fpl$drsb)
    _drsb                                    0x080043d5   Thumb Code    22  daddsub_clz.o(x$fpl$drsb)
    __aeabi_dsub                             0x080043ed   Thumb Code     0  daddsub_clz.o(x$fpl$dsub)
    _dsub                                    0x080043ed   Thumb Code   464  daddsub_clz.o(x$fpl$dsub)
    __aeabi_f2d                              0x080045c1   Thumb Code     0  f2d.o(x$fpl$f2d)
    _f2d                                     0x080045c1   Thumb Code    86  f2d.o(x$fpl$f2d)
    __fpl_fcmp_Inf                           0x08004617   Thumb Code    24  fcmpi.o(x$fpl$fcmpinf)
    __aeabi_f2iz                             0x08004631   Thumb Code     0  ffix.o(x$fpl$ffix)
    _ffix                                    0x08004631   Thumb Code    54  ffix.o(x$fpl$ffix)
    __aeabi_f2uiz                            0x08004669   Thumb Code     0  ffixu.o(x$fpl$ffixu)
    _ffixu                                   0x08004669   Thumb Code    62  ffixu.o(x$fpl$ffixu)
    __aeabi_i2f                              0x080046a9   Thumb Code     0  fflt_clz.o(x$fpl$fflt)
    _fflt                                    0x080046a9   Thumb Code    48  fflt_clz.o(x$fpl$fflt)
    __aeabi_ui2f                             0x080046d9   Thumb Code     0  fflt_clz.o(x$fpl$ffltu)
    _ffltu                                   0x080046d9   Thumb Code    38  fflt_clz.o(x$fpl$ffltu)
    __aeabi_cfcmple                          0x08004701   Thumb Code     0  fleqf.o(x$fpl$fleqf)
    _fcmple                                  0x08004701   Thumb Code   104  fleqf.o(x$fpl$fleqf)
    __fpl_fcmple_InfNaN                      0x08004753   Thumb Code     0  fleqf.o(x$fpl$fleqf)
    __aeabi_fmul                             0x08004769   Thumb Code     0  fmul.o(x$fpl$fmul)
    _fmul                                    0x08004769   Thumb Code   258  fmul.o(x$fpl$fmul)
    __fpl_fnaninf                            0x0800486b   Thumb Code   140  fnaninf.o(x$fpl$fnaninf)
    __fpl_fretinf                            0x080048f7   Thumb Code    10  fretinf.o(x$fpl$fretinf)
    __aeabi_cfrcmple                         0x08004901   Thumb Code     0  frleqf.o(x$fpl$frleqf)
    _frcmple                                 0x08004901   Thumb Code    98  frleqf.o(x$fpl$frleqf)
    __I$use$fp                               0x08004962   Number         0  usenofp.o(x$fpl$usenofp)
    Region$$Table$$Base                      0x08004964   Number         0  anon$$obj.o(Region$$Table)
    Region$$Table$$Limit                     0x08004984   Number         0  anon$$obj.o(Region$$Table)
    miao_flag                                0x20000000   Data           4  main.o(.data)
    fen_flag                                 0x20000004   Data           4  main.o(.data)
    shi_flag                                 0x20000008   Data           4  main.o(.data)
    usart_send_flag                          0x2000000c   Data           1  main.o(.data)
    PH1                                      0x20000010   Data           4  main.o(.data)
    PH2                                      0x20000014   Data           4  main.o(.data)
    temperature                              0x20000018   Data           2  main.o(.data)
    setN                                     0x2000001a   Data           1  main.o(.data)
    Wrtb_Max                                 0x2000001c   Data           2  main.o(.data)
    T_max                                    0x2000001e   Data           1  main.o(.data)
    led                                      0x2000001f   Data           1  main.o(.data)
    PH                                       0x20000020   Data           4  main.o(.data)
    send_data                                0x20000024   Data          23  main.o(.data)
    cnt                                      0x2000003c   Data           4  main.o(.data)
    T                                        0x20000040   Data           4  main.o(.data)
    Alarm_Buf                                0x20000044   Data          16  main.o(.data)
    adcx                                     0x20000054   Data           4  main.o(.data)
    adc                                      0x20000058   Data           4  main.o(.data)
    setn                                     0x2000005c   Data           1  main.o(.data)
    biaozhiwei                               0x2000005d   Data           1  main.o(.data)
    SystemCoreClock                          0x20000060   Data           4  system_stm32f10x.o(.data)
    AHBPrescTable                            0x20000064   Data          16  system_stm32f10x.o(.data)
    miao                                     0x20000074   Data           4  timer.o(.data)
    fen                                      0x20000078   Data           4  timer.o(.data)
    shi                                      0x2000007c   Data           4  timer.o(.data)
    esp8266_cntPre                           0x20000080   Data           2  esp8266.o(.data)
    RxCounter                                0x2000009c   Data           4  usart.o(.data)
    __stdout                                 0x200000a0   Data           4  usart.o(.data)
    Usart1RecBuf                             0x200000a4   Data         128  usart.o(.bss)
    __libspace_start                         0x20000124   Data          96  libspace.o(.bss)
    __temporary_stack_top$libspace           0x20000184   Data           0  libspace.o(.bss)



==============================================================================

Memory Map of the image

  Image Entry point : 0x08000131

  Load Region LR_IROM1 (Base: 0x08000000, Size: 0x00004a28, Max: 0x00010000, ABSOLUTE)

    Execution Region ER_IROM1 (Exec base: 0x08000000, Load base: 0x08000000, Size: 0x00004984, Max: 0x00010000, ABSOLUTE)

    Exec Addr    Load Addr    Size         Type   Attr      Idx    E Section Name        Object

    0x08000000   0x08000000   0x00000130   Data   RO          315    RESET               startup_stm32f10x_hd.o
    0x08000130   0x08000130   0x00000008   Code   RO          523  * !!!main             c_w.l(__main.o)
    0x08000138   0x08000138   0x00000034   Code   RO          746    !!!scatter          c_w.l(__scatter.o)
    0x0800016c   0x0800016c   0x0000001a   Code   RO          748    !!handler_copy      c_w.l(__scatter_copy.o)
    0x08000186   0x08000186   0x00000002   PAD
    0x08000188   0x08000188   0x0000001c   Code   RO          750    !!handler_zi        c_w.l(__scatter_zi.o)
    0x080001a4   0x080001a4   0x00000000   Code   RO          512    .ARM.Collect$$_printf_percent$$00000000  c_w.l(_printf_percent.o)
    0x080001a4   0x080001a4   0x00000006   Code   RO          511    .ARM.Collect$$_printf_percent$$00000009  c_w.l(_printf_d.o)
    0x080001aa   0x080001aa   0x00000004   Code   RO          576    .ARM.Collect$$_printf_percent$$00000017  c_w.l(_printf_percent_end.o)
    0x080001ae   0x080001ae   0x00000002   Code   RO          618    .ARM.Collect$$libinit$$00000000  c_w.l(libinit.o)
    0x080001b0   0x080001b0   0x00000000   Code   RO          625    .ARM.Collect$$libinit$$00000002  c_w.l(libinit2.o)
    0x080001b0   0x080001b0   0x00000000   Code   RO          627    .ARM.Collect$$libinit$$00000004  c_w.l(libinit2.o)
    0x080001b0   0x080001b0   0x00000000   Code   RO          630    .ARM.Collect$$libinit$$0000000A  c_w.l(libinit2.o)
    0x080001b0   0x080001b0   0x00000000   Code   RO          632    .ARM.Collect$$libinit$$0000000C  c_w.l(libinit2.o)
    0x080001b0   0x080001b0   0x00000000   Code   RO          634    .ARM.Collect$$libinit$$0000000E  c_w.l(libinit2.o)
    0x080001b0   0x080001b0   0x00000000   Code   RO          637    .ARM.Collect$$libinit$$00000011  c_w.l(libinit2.o)
    0x080001b0   0x080001b0   0x00000000   Code   RO          639    .ARM.Collect$$libinit$$00000013  c_w.l(libinit2.o)
    0x080001b0   0x080001b0   0x00000000   Code   RO          641    .ARM.Collect$$libinit$$00000015  c_w.l(libinit2.o)
    0x080001b0   0x080001b0   0x00000000   Code   RO          643    .ARM.Collect$$libinit$$00000017  c_w.l(libinit2.o)
    0x080001b0   0x080001b0   0x00000000   Code   RO          645    .ARM.Collect$$libinit$$00000019  c_w.l(libinit2.o)
    0x080001b0   0x080001b0   0x00000000   Code   RO          647    .ARM.Collect$$libinit$$0000001B  c_w.l(libinit2.o)
    0x080001b0   0x080001b0   0x00000000   Code   RO          649    .ARM.Collect$$libinit$$0000001D  c_w.l(libinit2.o)
    0x080001b0   0x080001b0   0x00000000   Code   RO          651    .ARM.Collect$$libinit$$0000001F  c_w.l(libinit2.o)
    0x080001b0   0x080001b0   0x00000000   Code   RO          653    .ARM.Collect$$libinit$$00000021  c_w.l(libinit2.o)
    0x080001b0   0x080001b0   0x00000000   Code   RO          655    .ARM.Collect$$libinit$$00000023  c_w.l(libinit2.o)
    0x080001b0   0x080001b0   0x00000000   Code   RO          657    .ARM.Collect$$libinit$$00000025  c_w.l(libinit2.o)
    0x080001b0   0x080001b0   0x00000000   Code   RO          661    .ARM.Collect$$libinit$$0000002C  c_w.l(libinit2.o)
    0x080001b0   0x080001b0   0x00000000   Code   RO          663    .ARM.Collect$$libinit$$0000002E  c_w.l(libinit2.o)
    0x080001b0   0x080001b0   0x00000000   Code   RO          665    .ARM.Collect$$libinit$$00000030  c_w.l(libinit2.o)
    0x080001b0   0x080001b0   0x00000000   Code   RO          667    .ARM.Collect$$libinit$$00000032  c_w.l(libinit2.o)
    0x080001b0   0x080001b0   0x00000002   Code   RO          668    .ARM.Collect$$libinit$$00000033  c_w.l(libinit2.o)
    0x080001b2   0x080001b2   0x00000002   Code   RO          686    .ARM.Collect$$libshutdown$$00000000  c_w.l(libshutdown.o)
    0x080001b4   0x080001b4   0x00000000   Code   RO          696    .ARM.Collect$$libshutdown$$00000002  c_w.l(libshutdown2.o)
    0x080001b4   0x080001b4   0x00000000   Code   RO          698    .ARM.Collect$$libshutdown$$00000004  c_w.l(libshutdown2.o)
    0x080001b4   0x080001b4   0x00000000   Code   RO          700    .ARM.Collect$$libshutdown$$00000006  c_w.l(libshutdown2.o)
    0x080001b4   0x080001b4   0x00000000   Code   RO          703    .ARM.Collect$$libshutdown$$00000009  c_w.l(libshutdown2.o)
    0x080001b4   0x080001b4   0x00000000   Code   RO          706    .ARM.Collect$$libshutdown$$0000000C  c_w.l(libshutdown2.o)
    0x080001b4   0x080001b4   0x00000000   Code   RO          708    .ARM.Collect$$libshutdown$$0000000E  c_w.l(libshutdown2.o)
    0x080001b4   0x080001b4   0x00000000   Code   RO          711    .ARM.Collect$$libshutdown$$00000011  c_w.l(libshutdown2.o)
    0x080001b4   0x080001b4   0x00000002   Code   RO          712    .ARM.Collect$$libshutdown$$00000012  c_w.l(libshutdown2.o)
    0x080001b6   0x080001b6   0x00000000   Code   RO          569    .ARM.Collect$$rtentry$$00000000  c_w.l(__rtentry.o)
    0x080001b6   0x080001b6   0x00000000   Code   RO          593    .ARM.Collect$$rtentry$$00000002  c_w.l(__rtentry2.o)
    0x080001b6   0x080001b6   0x00000006   Code   RO          605    .ARM.Collect$$rtentry$$00000004  c_w.l(__rtentry4.o)
    0x080001bc   0x080001bc   0x00000000   Code   RO          595    .ARM.Collect$$rtentry$$00000009  c_w.l(__rtentry2.o)
    0x080001bc   0x080001bc   0x00000004   Code   RO          596    .ARM.Collect$$rtentry$$0000000A  c_w.l(__rtentry2.o)
    0x080001c0   0x080001c0   0x00000000   Code   RO          598    .ARM.Collect$$rtentry$$0000000C  c_w.l(__rtentry2.o)
    0x080001c0   0x080001c0   0x00000008   Code   RO          599    .ARM.Collect$$rtentry$$0000000D  c_w.l(__rtentry2.o)
    0x080001c8   0x080001c8   0x00000002   Code   RO          622    .ARM.Collect$$rtexit$$00000000  c_w.l(rtexit.o)
    0x080001ca   0x080001ca   0x00000000   Code   RO          670    .ARM.Collect$$rtexit$$00000002  c_w.l(rtexit2.o)
    0x080001ca   0x080001ca   0x00000004   Code   RO          671    .ARM.Collect$$rtexit$$00000003  c_w.l(rtexit2.o)
    0x080001ce   0x080001ce   0x00000006   Code   RO          672    .ARM.Collect$$rtexit$$00000004  c_w.l(rtexit2.o)
    0x080001d4   0x080001d4   0x00000a00   Code   RO            1    .text               main.o
    0x08000bd4   0x08000bd4   0x0000001a   Code   RO          150    .text               stm32f10x_it.o
    0x08000bee   0x08000bee   0x00000002   PAD
    0x08000bf0   0x08000bf0   0x000001e0   Code   RO          191    .text               system_stm32f10x.o
    0x08000dd0   0x08000dd0   0x0000026c   Code   RO          209    .text               ds18b20.o
    0x0800103c   0x0800103c   0x000000ec   Code   RO          221    .text               key.o
    0x08001128   0x08001128   0x00000248   Code   RO          233    .text               lcd1602.o
    0x08001370   0x08001370   0x000000e8   Code   RO          245    .text               adc.o
    0x08001458   0x08001458   0x00000074   Code   RO          257    .text               timer.o
    0x080014cc   0x080014cc   0x00000160   Code   RO          272    .text               motor.o
    0x0800162c   0x0800162c   0x000001ec   Code   RO          287    .text               esp8266.o
    0x08001818   0x08001818   0x00000040   Code   RO          316    .text               startup_stm32f10x_hd.o
    0x08001858   0x08001858   0x000000dc   Code   RO          320    .text               misc.o
    0x08001934   0x08001934   0x0000044e   Code   RO          332    .text               stm32f10x_adc.o
    0x08001d82   0x08001d82   0x00000002   PAD
    0x08001d84   0x08001d84   0x0000035c   Code   RO          380    .text               stm32f10x_gpio.o
    0x080020e0   0x080020e0   0x00000e1a   Code   RO          392    .text               stm32f10x_tim.o
    0x08002efa   0x08002efa   0x00000002   PAD
    0x08002efc   0x08002efc   0x00000408   Code   RO          404    .text               stm32f10x_usart.o
    0x08003304   0x08003304   0x000003a4   Code   RO          416    .text               stm32f10x_rcc.o
    0x080036a8   0x080036a8   0x000000d4   Code   RO          430    .text               delay.o
    0x0800377c   0x0800377c   0x0000000c   Code   RO          444    .text               sys.o
    0x08003788   0x08003788   0x00000190   Code   RO          456    .text               usart.o
    0x08003918   0x08003918   0x00000002   Code   RO          481    .text               c_w.l(use_no_semi_2.o)
    0x0800391a   0x0800391a   0x00000002   PAD
    0x0800391c   0x0800391c   0x00000028   Code   RO          485    .text               c_w.l(noretval__2sprintf.o)
    0x08003944   0x08003944   0x00000068   Code   RO          487    .text               c_w.l(__printf.o)
    0x080039ac   0x080039ac   0x00000078   Code   RO          489    .text               c_w.l(_printf_dec.o)
    0x08003a24   0x08003a24   0x00000014   Code   RO          513    .text               c_w.l(strchr.o)
    0x08003a38   0x08003a38   0x00000024   Code   RO          515    .text               c_w.l(strstr.o)
    0x08003a5c   0x08003a5c   0x0000003e   Code   RO          517    .text               c_w.l(strlen.o)
    0x08003a9a   0x08003a9a   0x00000044   Code   RO          519    .text               c_w.l(rt_memclr.o)
    0x08003ade   0x08003ade   0x00000006   Code   RO          521    .text               c_w.l(heapauxi.o)
    0x08003ae4   0x08003ae4   0x00000002   Code   RO          567    .text               c_w.l(use_no_semi.o)
    0x08003ae6   0x08003ae6   0x000000b2   Code   RO          570    .text               c_w.l(_printf_intcommon.o)
    0x08003b98   0x08003b98   0x00000030   Code   RO          572    .text               c_w.l(_printf_char_common.o)
    0x08003bc8   0x08003bc8   0x0000000a   Code   RO          574    .text               c_w.l(_sputc.o)
    0x08003bd2   0x08003bd2   0x0000004e   Code   RO          577    .text               c_w.l(rt_memclr_w.o)
    0x08003c20   0x08003c20   0x0000004a   Code   RO          609    .text               c_w.l(sys_stackheap_outer.o)
    0x08003c6a   0x08003c6a   0x00000012   Code   RO          611    .text               c_w.l(exit.o)
    0x08003c7c   0x08003c7c   0x00000008   Code   RO          619    .text               c_w.l(libspace.o)
    0x08003c84   0x08003c84   0x00000062   Code   RO          525    x$fpl$d2f           fz_ws.l(d2f.o)
    0x08003ce6   0x08003ce6   0x00000002   PAD
    0x08003ce8   0x08003ce8   0x00000150   Code   RO          527    x$fpl$dadd          fz_ws.l(daddsub_clz.o)
    0x08003e38   0x08003e38   0x00000018   Code   RO          579    x$fpl$dcmpinf       fz_ws.l(dcmpi.o)
    0x08003e50   0x08003e50   0x000002b0   Code   RO          534    x$fpl$ddiv          fz_ws.l(ddiv.o)
    0x08004100   0x08004100   0x0000005e   Code   RO          537    x$fpl$dfix          fz_ws.l(dfix.o)
    0x0800415e   0x0800415e   0x00000002   PAD
    0x08004160   0x08004160   0x00000078   Code   RO          541    x$fpl$dleqf         fz_ws.l(dleqf.o)
    0x080041d8   0x080041d8   0x00000154   Code   RO          543    x$fpl$dmul          fz_ws.l(dmul.o)
    0x0800432c   0x0800432c   0x0000009c   Code   RO          581    x$fpl$dnaninf       fz_ws.l(dnaninf.o)
    0x080043c8   0x080043c8   0x0000000c   Code   RO          583    x$fpl$dretinf       fz_ws.l(dretinf.o)
    0x080043d4   0x080043d4   0x00000016   Code   RO          528    x$fpl$drsb          fz_ws.l(daddsub_clz.o)
    0x080043ea   0x080043ea   0x00000002   PAD
    0x080043ec   0x080043ec   0x000001d4   Code   RO          529    x$fpl$dsub          fz_ws.l(daddsub_clz.o)
    0x080045c0   0x080045c0   0x00000056   Code   RO          545    x$fpl$f2d           fz_ws.l(f2d.o)
    0x08004616   0x08004616   0x00000018   Code   RO          585    x$fpl$fcmpinf       fz_ws.l(fcmpi.o)
    0x0800462e   0x0800462e   0x00000002   PAD
    0x08004630   0x08004630   0x00000036   Code   RO          547    x$fpl$ffix          fz_ws.l(ffix.o)
    0x08004666   0x08004666   0x00000002   PAD
    0x08004668   0x08004668   0x0000003e   Code   RO          551    x$fpl$ffixu         fz_ws.l(ffixu.o)
    0x080046a6   0x080046a6   0x00000002   PAD
    0x080046a8   0x080046a8   0x00000030   Code   RO          556    x$fpl$fflt          fz_ws.l(fflt_clz.o)
    0x080046d8   0x080046d8   0x00000026   Code   RO          555    x$fpl$ffltu         fz_ws.l(fflt_clz.o)
    0x080046fe   0x080046fe   0x00000002   PAD
    0x08004700   0x08004700   0x00000068   Code   RO          561    x$fpl$fleqf         fz_ws.l(fleqf.o)
    0x08004768   0x08004768   0x00000102   Code   RO          563    x$fpl$fmul          fz_ws.l(fmul.o)
    0x0800486a   0x0800486a   0x0000008c   Code   RO          587    x$fpl$fnaninf       fz_ws.l(fnaninf.o)
    0x080048f6   0x080048f6   0x0000000a   Code   RO          589    x$fpl$fretinf       fz_ws.l(fretinf.o)
    0x08004900   0x08004900   0x00000062   Code   RO          565    x$fpl$frleqf        fz_ws.l(frleqf.o)
    0x08004962   0x08004962   0x00000000   Code   RO          591    x$fpl$usenofp       fz_ws.l(usenofp.o)
    0x08004962   0x08004962   0x00000002   PAD
    0x08004964   0x08004964   0x00000020   Data   RO          744    Region$$Table       anon$$obj.o


    Execution Region RW_IRAM1 (Exec base: 0x20000000, Load base: 0x08004984, Size: 0x00000788, Max: 0x00005000, ABSOLUTE)

    Exec Addr    Load Addr    Size         Type   Attr      Idx    E Section Name        Object

    0x20000000   0x08004984   0x0000005e   Data   RW            3    .data               main.o
    0x2000005e   0x080049e2   0x00000002   PAD
    0x20000060   0x080049e4   0x00000014   Data   RW          192    .data               system_stm32f10x.o
    0x20000074   0x080049f8   0x0000000c   Data   RW          258    .data               timer.o
    0x20000080   0x08004a04   0x00000002   Data   RW          288    .data               esp8266.o
    0x20000082   0x08004a06   0x00000014   Data   RW          417    .data               stm32f10x_rcc.o
    0x20000096   0x08004a1a   0x00000004   Data   RW          431    .data               delay.o
    0x2000009a   0x08004a1e   0x00000002   PAD
    0x2000009c   0x08004a20   0x00000008   Data   RW          458    .data               usart.o
    0x200000a4        -       0x00000080   Zero   RW          457    .bss                usart.o
    0x20000124        -       0x00000060   Zero   RW          620    .bss                c_w.l(libspace.o)
    0x20000184   0x08004a28   0x00000004   PAD
    0x20000188        -       0x00000200   Zero   RW          314    HEAP                startup_stm32f10x_hd.o
    0x20000388        -       0x00000400   Zero   RW          313    STACK               startup_stm32f10x_hd.o


==============================================================================

Image component sizes


      Code (inc. data)   RO Data    RW Data    ZI Data      Debug   Object Name

       232          8          0          0          0       1195   adc.o
         0          0          0          0          0         32   core_cm3.o
       212         18          0          4          0       1231   delay.o
       620         16          0          0          0       2310   ds18b20.o
       492        132          0          2          0       2333   esp8266.o
       236         12          0          0          0       1110   key.o
       584         10          0          0          0       2412   lcd1602.o
      2560        356          0         94          0     264818   main.o
       220         22          0          0          0       1985   misc.o
       352         14          0          0          0       1209   motor.o
        64         26        304          0       1536        864   startup_stm32f10x_hd.o
      1102         26          0          0          0      11229   stm32f10x_adc.o
       860         38          0          0          0       5921   stm32f10x_gpio.o
        26          0          0          0          0       1274   stm32f10x_it.o
       932         36          0         20          0       9196   stm32f10x_rcc.o
      3610         88          0          0          0      23028   stm32f10x_tim.o
      1032         22          0          0          0       8644   stm32f10x_usart.o
        12          0          0          0          0        545   sys.o
       480         38          0         20          0       2019   system_stm32f10x.o
       116          4          0         12          0       1243   timer.o
       400         18          0          8        128       3977   usart.o

    ----------------------------------------------------------------------
     14148        884        336        164       1664     346575   Object Totals
         0          0         32          0          0          0   (incl. Generated)
         6          0          0          4          0          0   (incl. Padding)

    ----------------------------------------------------------------------

      Code (inc. data)   RO Data    RW Data    ZI Data      Debug   Library Member Name

         8          0          0          0          0         68   __main.o
       104          0          0          0          0         84   __printf.o
         0          0          0          0          0          0   __rtentry.o
        12          0          0          0          0          0   __rtentry2.o
         6          0          0          0          0          0   __rtentry4.o
        52          8          0          0          0          0   __scatter.o
        26          0          0          0          0          0   __scatter_copy.o
        28          0          0          0          0          0   __scatter_zi.o
        48          6          0          0          0         96   _printf_char_common.o
         6          0          0          0          0          0   _printf_d.o
       120         16          0          0          0         92   _printf_dec.o
       178          0          0          0          0         88   _printf_intcommon.o
         0          0          0          0          0          0   _printf_percent.o
         4          0          0          0          0          0   _printf_percent_end.o
        10          0          0          0          0         68   _sputc.o
        18          0          0          0          0         80   exit.o
         6          0          0          0          0        152   heapauxi.o
         2          0          0          0          0          0   libinit.o
         2          0          0          0          0          0   libinit2.o
         2          0          0          0          0          0   libshutdown.o
         2          0          0          0          0          0   libshutdown2.o
         8          4          0          0         96         68   libspace.o
        40          6          0          0          0         84   noretval__2sprintf.o
        68          0          0          0          0         68   rt_memclr.o
        78          0          0          0          0         80   rt_memclr_w.o
         2          0          0          0          0          0   rtexit.o
        10          0          0          0          0          0   rtexit2.o
        20          0          0          0          0         68   strchr.o
        62          0          0          0          0         76   strlen.o
        36          0          0          0          0         80   strstr.o
        74          0          0          0          0         80   sys_stackheap_outer.o
         2          0          0          0          0         68   use_no_semi.o
         2          0          0          0          0         68   use_no_semi_2.o
        98          4          0          0          0         92   d2f.o
       826         16          0          0          0        348   daddsub_clz.o
        24          0          0          0          0         68   dcmpi.o
       688        140          0          0          0        208   ddiv.o
        94          4          0          0          0         92   dfix.o
       120          4          0          0          0         92   dleqf.o
       340         12          0          0          0        104   dmul.o
       156          4          0          0          0         92   dnaninf.o
        12          0          0          0          0         68   dretinf.o
        86          4          0          0          0         84   f2d.o
        24          0          0          0          0         68   fcmpi.o
        54          4          0          0          0         84   ffix.o
        62          4          0          0          0         84   ffixu.o
        86          0          0          0          0        136   fflt_clz.o
       104          4          0          0          0         84   fleqf.o
       258          4          0          0          0         84   fmul.o
       140          4          0          0          0         84   fnaninf.o
        10          0          0          0          0         68   fretinf.o
        98          0          0          0          0         68   frleqf.o
         0          0          0          0          0          0   usenofp.o

    ----------------------------------------------------------------------
      4336        248          0          0        100       3476   Library Totals
        20          0          0          0          4          0   (incl. Padding)

    ----------------------------------------------------------------------

      Code (inc. data)   RO Data    RW Data    ZI Data      Debug   Library Name

      1036         40          0          0         96       1468   c_w.l
      3280        208          0          0          0       2008   fz_ws.l

    ----------------------------------------------------------------------
      4336        248          0          0        100       3476   Library Totals

    ----------------------------------------------------------------------

==============================================================================


      Code (inc. data)   RO Data    RW Data    ZI Data      Debug   

     18484       1132        336        164       1764     346563   Grand Totals
     18484       1132        336        164       1764     346563   ELF Image Totals
     18484       1132        336        164          0          0   ROM Totals

==============================================================================

    Total RO  Size (Code + RO Data)                18820 (  18.38kB)
    Total RW  Size (RW Data + ZI Data)              1928 (   1.88kB)
    Total ROM Size (Code + RO Data + RW Data)      18984 (  18.54kB)

==============================================================================

